Archive member included because of file (symbol)

../../../../../prebuilt/driver/chip/mt2625/lib/libhal_protected_CM4_GCC.a(crypt_aes.o)
                              (--whole-archive)
../../../../../prebuilt/driver/chip/mt2625/lib/libhal_protected_CM4_GCC.a(crypt_des.o)
                              (--whole-archive)
../../../../../prebuilt/driver/chip/mt2625/lib/libhal_protected_CM4_GCC.a(crypt_md5.o)
                              (--whole-archive)
../../../../../prebuilt/driver/chip/mt2625/lib/libhal_protected_CM4_GCC.a(crypt_sha.o)
                              (--whole-archive)
../../../../../prebuilt/driver/chip/mt2625/lib/libhal_protected_CM4_GCC.a(hal_sec.o)
                              (--whole-archive)
../../../../../prebuilt/driver/chip/mt2625/lib/libhal_protected_CM4_GCC.a(version_code.o)
                              (--whole-archive)
../../../../../prebuilt/driver/chip/mt2625/lib/libhal_protected_CM4_GCC.a(hal_spm.o)
                              (--whole-archive)
../../../../../prebuilt/driver/chip/mt2625/lib/libhal_protected_CM4_GCC.a(hal_efuse.o)
                              (--whole-archive)
../../../../../prebuilt/driver/chip/mt2625/lib/libhal_protected_CM4_GCC.a(hal_dvfs_internal_vcore.o)
                              (--whole-archive)
../../../../../adups/bl/lib/libadups.a(adups_sha1.o)
                              (--whole-archive)
../../../../../adups/bl/lib/libadups.a(decompress.o)
                              (--whole-archive)
../../../../../adups/bl/lib/libadups.a(compress.o)
                              (--whole-archive)
../../../../../adups/bl/lib/libadups.a(peer_vm.o)
                              (--whole-archive)
../../../../../adups/bl/lib/libadups.a(blocksort.o)
                              (--whole-archive)
../../../../../adups/bl/lib/libadups.a(fotapatch.o)
                              (--whole-archive)
../../../../../adups/bl/lib/libadups.a(crc.o)
                              (--whole-archive)
../../../../../adups/bl/lib/libadups.a(randtable.o)
                              (--whole-archive)
../../../../../adups/bl/lib/libadups.a(bspatch.o)
                              (--whole-archive)
../../../../../adups/bl/lib/libadups.a(huffman.o)
                              (--whole-archive)
../../../../../adups/bl/lib/libadups.a(crctable.o)
                              (--whole-archive)
../../../../../adups/bl/lib/libadups.a(bzlib.o)
                              (--whole-archive)
../../../../../adups/bl/lib/libadups.a(peer.o)
                              (--whole-archive)
/home/yangyang642/OC/tools/gcc/linux/gcc-arm-none-eabi/bin/../lib/gcc/arm-none-eabi/4.8.4/armv7e-m/fpu/libgcc.a(_arm_addsubsf3.o)
                              /home/yangyang642/OC/out/mt2625_evb/nbiot_m2m_demo/obj/bootloader/project/mt2625_evb/apps/bootloader/src/bl_dbgprint.o (__aeabi_l2f)
/home/yangyang642/OC/tools/gcc/linux/gcc-arm-none-eabi/bin/../lib/gcc/arm-none-eabi/4.8.4/armv7e-m/fpu/libgcc.a(_aeabi_ldivmod.o)
                              ../../../../../adups/bl/lib/libadups.a(bspatch.o) (__aeabi_ldivmod)
/home/yangyang642/OC/tools/gcc/linux/gcc-arm-none-eabi/bin/../lib/gcc/arm-none-eabi/4.8.4/armv7e-m/fpu/libgcc.a(_aeabi_uldivmod.o)
                              /home/yangyang642/OC/out/mt2625_evb/nbiot_m2m_demo/obj/bootloader/driver/chip/mt2625/src/hal_rtc_internal.o (__aeabi_uldivmod)
/home/yangyang642/OC/tools/gcc/linux/gcc-arm-none-eabi/bin/../lib/gcc/arm-none-eabi/4.8.4/armv7e-m/fpu/libgcc.a(bpabi.o)
                              /home/yangyang642/OC/tools/gcc/linux/gcc-arm-none-eabi/bin/../lib/gcc/arm-none-eabi/4.8.4/armv7e-m/fpu/libgcc.a(_aeabi_ldivmod.o) (__gnu_ldivmod_helper)
/home/yangyang642/OC/tools/gcc/linux/gcc-arm-none-eabi/bin/../lib/gcc/arm-none-eabi/4.8.4/armv7e-m/fpu/libgcc.a(_dvmd_tls.o)
                              /home/yangyang642/OC/tools/gcc/linux/gcc-arm-none-eabi/bin/../lib/gcc/arm-none-eabi/4.8.4/armv7e-m/fpu/libgcc.a(_aeabi_ldivmod.o) (__aeabi_ldiv0)
/home/yangyang642/OC/tools/gcc/linux/gcc-arm-none-eabi/bin/../lib/gcc/arm-none-eabi/4.8.4/armv7e-m/fpu/libgcc.a(_divdi3.o)
                              /home/yangyang642/OC/tools/gcc/linux/gcc-arm-none-eabi/bin/../lib/gcc/arm-none-eabi/4.8.4/armv7e-m/fpu/libgcc.a(bpabi.o) (__divdi3)
/home/yangyang642/OC/tools/gcc/linux/gcc-arm-none-eabi/bin/../lib/gcc/arm-none-eabi/4.8.4/armv7e-m/fpu/libgcc.a(_udivdi3.o)
                              /home/yangyang642/OC/tools/gcc/linux/gcc-arm-none-eabi/bin/../lib/gcc/arm-none-eabi/4.8.4/armv7e-m/fpu/libgcc.a(bpabi.o) (__udivdi3)
/home/yangyang642/OC/tools/gcc/linux/gcc-arm-none-eabi/bin/../lib/gcc/arm-none-eabi/4.8.4/../../../../arm-none-eabi/lib/armv7e-m/fpu/libg_s.a(lib_a-assert.o)
                              /home/yangyang642/OC/out/mt2625_evb/nbiot_m2m_demo/obj/bootloader/driver/chip/mt2625/src/hal_cache.o (__assert_func)
[...]
Memory Configuration

Name             Origin             Length             Attributes
ROM_BL           0x08002000         0x00010000         xr
RAM              0x00000000         0x00400000         xrw
VRAM             0x10000000         0x00400000         xrw
TCM              0x04000000         0x00010000         xrw
*default*        0x00000000         0xffffffff

Linker script and memory map

LOAD /home/yangyang642/OC/tools/gcc/linux/gcc-arm-none-eabi/bin/../lib/gcc/arm-none-eabi/4.8.4/../../../../arm-none-eabi/lib/armv7e-m/fpu/libnosys.a
                0x00000000                _Min_Heap_Size = 0x0
                0x00000400                _Min_Stack_Size = 0x400
                0x04010000                _estack = (ORIGIN (TCM) + 0x10000)
                0x04010000                __StackTop = _estack
                0x08002000                . = ORIGIN (ROM_BL)

.isr_vector     0x04000000      0x200 load address 0x08002000
                0x04000000                . = ALIGN (0x4)
 *(.reset_handler)
 .reset_handler
                0x04000000       0x58 /home/yangyang642/OC/out/mt2625_evb/nbiot_m2m_demo/obj/bootloader/project/mt2625_evb/apps/bootloader/GCC/startup_bootloader.o
                0x04000000                Reset_Handler
                0x0400002a                JumpCmd
 *(.isr_vector)
 .isr_vector    0x04000058        0x8 /home/yangyang642/OC/out/mt2625_evb/nbiot_m2m_demo/obj/bootloader/project/mt2625_evb/apps/bootloader/GCC/startup_bootloader.o
 *(.rom_parameter)
 *fill*         0x04000060       0xa0 
 .rom_parameter
                0x04000100      0x100 /home/yangyang642/OC/out/mt2625_evb/nbiot_m2m_demo/obj/bootloader/project/mt2625_evb/apps/bootloader/src/bl_rom_parameter.o
                0x04000100                g_rom_parameter
                0x04000200                . = ALIGN (0x4)

.text           0x04000200     0xdcd8 load address 0x08002200
                0x04000200                . = ALIGN (0x4)
 *(.text)
 .text          0x04000200      0x21c /home/yangyang642/OC/tools/gcc/linux/gcc-arm-none-eabi/bin/../lib/gcc/arm-none-eabi/4.8.4/armv7e-m/fpu/libgcc.a(_arm_addsubsf3.o)
                0x04000200                __aeabi_frsub
                0x04000208                __subsf3
                0x04000208                __aeabi_fsub
                0x0400020c                __aeabi_fadd
                0x0400020c                __addsf3
                0x0400036c                __aeabi_ui2f
                0x0400036c                __floatunsisf
                0x04000374                __aeabi_i2f
                0x04000374                __floatsisf
                0x04000390                __floatundisf
                0x04000390                __aeabi_ul2f
                0x040003a0                __floatdisf
                0x040003a0                __aeabi_l2f
 .text          0x0400041c       0x38 /home/yangyang642/OC/tools/gcc/linux/gcc-arm-none-eabi/bin/../lib/gcc/arm-none-eabi/4.8.4/armv7e-m/fpu/libgcc.a(_aeabi_ldivmod.o)
                0x0400041c                __aeabi_ldivmod
 .text          0x04000454       0x60 /home/yangyang642/OC/tools/gcc/linux/gcc-arm-none-eabi/bin/../lib/gcc/arm-none-eabi/4.8.4/armv7e-m/fpu/libgcc.a(bpabi.o)
                0x04000454                __gnu_ldivmod_helper
                0x04000484                __gnu_uldivmod_helper
 .text          0x040004b4        0x4 /home/yangyang642/OC/tools/gcc/linux/gcc-arm-none-eabi/bin/../lib/gcc/arm-none-eabi/4.8.4/armv7e-m/fpu/libgcc.a(_dvmd_tls.o)
                0x040004b4                __aeabi_ldiv0
                0x040004b4                __aeabi_idiv0
 .text          0x040004b8      0x298 /home/yangyang642/OC/tools/gcc/linux/gcc-arm-none-eabi/bin/../lib/gcc/arm-none-eabi/4.8.4/armv7e-m/fpu/libgcc.a(_divdi3.o)
                0x040004b8                __divdi3
 .text          0x04000750      0x284 /home/yangyang642/OC/tools/gcc/linux/gcc-arm-none-eabi/bin/../lib/gcc/arm-none-eabi/4.8.4/armv7e-m/fpu/libgcc.a(_udivdi3.o)
                0x04000750                __udivdi3
 .text          0x040009d4       0x14 /home/yangyang642/OC/tools/gcc/linux/gcc-arm-none-eabi/bin/../lib/gcc/arm-none-eabi/4.8.4/../../../../arm-none-eabi/lib/armv7e-m/fpu/libg_s.a(lib_a-strcmp.o)
                0x040009d4                strcmp
 *(.text*)
 .text.hal_cache_is_cacheable
                0x040009e8       0x4c /home/yangyang642/OC/out/mt2625_evb/nbiot_m2m_demo/obj/bootloader/driver/chip/mt2625/src/hal_cache.o
                0x040009e8                hal_cache_is_cacheable
 .text.hal_nvic_register_isr_handler
                0x04000a34       0x44 /home/yangyang642/OC/out/mt2625_evb/nbiot_m2m_demo/obj/bootloader/driver/chip/mt2625/src/hal_nvic.o
                0x04000a34                hal_nvic_register_isr_handler
 .text.SF_DAL_IOCtrl
                0x04000a78       0x32 /home/yangyang642/OC/out/mt2625_evb/nbiot_m2m_demo/obj/bootloader/driver/chip/mt2625/src/hal_flash_mtd_dal.o
                0x04000a78                SF_DAL_IOCtrl
 *fill*         0x04000aaa        0x2 
 .text.SF_DAL_Init_MXIC
                0x04000aac       0xe0 /home/yangyang642/OC/out/mt2625_evb/nbiot_m2m_demo/obj/bootloader/driver/chip/mt2625/src/hal_flash_mtd_dal.o
                0x04000aac                SF_DAL_Init_MXIC
 .text.SF_DAL_Init_WINBOND
                0x04000b8c       0x64 /home/yangyang642/OC/out/mt2625_evb/nbiot_m2m_demo/obj/bootloader/driver/chip/mt2625/src/hal_flash_mtd_dal.o
                0x04000b8c                SF_DAL_Init_WINBOND
 .text.SF_DAL_Init_WINBOND_OTP
                0x04000bf0       0x6c /home/yangyang642/OC/out/mt2625_evb/nbiot_m2m_demo/obj/bootloader/driver/chip/mt2625/src/hal_flash_mtd_dal.o
                0x04000bf0                SF_DAL_Init_WINBOND_OTP
 .text.SF_DAL_Init_GIGADEVICE_OTP
                0x04000c5c       0x5c /home/yangyang642/OC/out/mt2625_evb/nbiot_m2m_demo/obj/bootloader/driver/chip/mt2625/src/hal_flash_mtd_dal.o
                0x04000c5c                SF_DAL_Init_GIGADEVICE_OTP
 .text.SF_DAL_Init_GIGADEVICE
                0x04000cb8       0x1a /home/yangyang642/OC/out/mt2625_evb/nbiot_m2m_demo/obj/bootloader/driver/chip/mt2625/src/hal_flash_mtd_dal.o
                0x04000cb8                SF_DAL_Init_GIGADEVICE
 *fill*         0x04000cd2        0x2 
 .text.SF_DAL_Init_Common
                0x04000cd4      0x100 /home/yangyang642/OC/out/mt2625_evb/nbiot_m2m_demo/obj/bootloader/driver/chip/mt2625/src/hal_flash_mtd_dal.o
                0x04000cd4                SF_DAL_Init_Common
 .text.SF_DAL_Init_Vendor
                0x04000dd4       0x74 /home/yangyang642/OC/out/mt2625_evb/nbiot_m2m_demo/obj/bootloader/driver/chip/mt2625/src/hal_flash_mtd_dal.o
                0x04000dd4                SF_DAL_Init_Vendor
 .text.SF_DAL_Init_Driver
                0x04000e48       0x6e /home/yangyang642/OC/out/mt2625_evb/nbiot_m2m_demo/obj/bootloader/driver/chip/mt2625/src/hal_flash_mtd_dal.o
                0x04000e48                SF_DAL_Init_Driver
 *fill*         0x04000eb6        0x2 
 .text.CMEM_CheckValidDeviceID
                0x04000eb8       0x3c /home/yangyang642/OC/out/mt2625_evb/nbiot_m2m_demo/obj/bootloader/driver/chip/mt2625/src/hal_flash_combo_init.o
                0x04000eb8                CMEM_CheckValidDeviceID
 .text.CMEM_Index
                0x04000ef4       0x60 /home/yangyang642/OC/out/mt2625_evb/nbiot_m2m_demo/obj/bootloader/driver/chip/mt2625/src/hal_flash_combo_init.o
                0x04000ef4                CMEM_Index
 .text.CMEM_GetIDEntry
                0x04000f54       0x10 /home/yangyang642/OC/out/mt2625_evb/nbiot_m2m_demo/obj/bootloader/driver/chip/mt2625/src/hal_flash_combo_init.o
                0x04000f54                CMEM_GetIDEntry
 .text.custom_get_NORFLASH_Size
                0x04000f64        0x6 /home/yangyang642/OC/out/mt2625_evb/nbiot_m2m_demo/obj/bootloader/driver/chip/mt2625/src/hal_flash_custom.o
                0x04000f64                custom_get_NORFLASH_Size
 .text.Custom_NOR_Init
                0x04000f6a        0x4 /home/yangyang642/OC/out/mt2625_evb/nbiot_m2m_demo/obj/bootloader/driver/chip/mt2625/src/hal_flash_custom.o
                0x04000f6a                Custom_NOR_Init
 .text.CMEM_BlockSize_Internal
                0x04000f6e       0x30 /home/yangyang642/OC/out/mt2625_evb/nbiot_m2m_demo/obj/bootloader/driver/chip/mt2625/src/hal_flash_combo_nor.o
                0x04000f6e                CMEM_BlockSize_Internal
 *fill*         0x04000f9e        0x2 
 .text.CMEM_BlockSize
                0x04000fa0        0xc /home/yangyang642/OC/out/mt2625_evb/nbiot_m2m_demo/obj/bootloader/driver/chip/mt2625/src/hal_flash_combo_nor.o
                0x04000fa0                CMEM_BlockSize
 .text.NOR_Get_FlashSizeFromBankInfo
                0x04000fac       0x16 /home/yangyang642/OC/out/mt2625_evb/nbiot_m2m_demo/obj/bootloader/driver/chip/mt2625/src/hal_flash_combo_nor.o
                0x04000fac                NOR_Get_FlashSizeFromBankInfo
 .text.CMEM_NOR_Construct_RegionInfo_Internal
                0x04000fc2       0x62 /home/yangyang642/OC/out/mt2625_evb/nbiot_m2m_demo/obj/bootloader/driver/chip/mt2625/src/hal_flash_combo_nor.o
                0x04000fc2                CMEM_NOR_Construct_RegionInfo_Internal
 .text.NOR_Construct_RegionInfo
                0x04001024       0x28 /home/yangyang642/OC/out/mt2625_evb/nbiot_m2m_demo/obj/bootloader/driver/chip/mt2625/src/hal_flash_combo_nor.o
                0x04001024                NOR_Construct_RegionInfo
 .text.CMEM_Init_nor_list
                0x0400104c       0x34 /home/yangyang642/OC/out/mt2625_evb/nbiot_m2m_demo/obj/bootloader/driver/chip/mt2625/src/hal_flash_combo_nor.o
                0x0400104c                CMEM_Init_nor_list
 .text.CMEM_Init_FullDriver
                0x04001080       0xcc /home/yangyang642/OC/out/mt2625_evb/nbiot_m2m_demo/obj/bootloader/driver/chip/mt2625/src/hal_flash_combo_nor.o
                0x04001080                CMEM_Init_FullDriver
 .text.MountDevice
                0x0400114c       0x24 /home/yangyang642/OC/out/mt2625_evb/nbiot_m2m_demo/obj/bootloader/driver/chip/mt2625/src/hal_flash_disk.o
 .text.readRawDiskData
                0x04001170       0x34 /home/yangyang642/OC/out/mt2625_evb/nbiot_m2m_demo/obj/bootloader/driver/chip/mt2625/src/hal_flash_disk.o
                0x04001170                readRawDiskData
 .text.writeRawDiskData
                0x040011a4       0xfe /home/yangyang642/OC/out/mt2625_evb/nbiot_m2m_demo/obj/bootloader/driver/chip/mt2625/src/hal_flash_disk.o
                0x040011a4                writeRawDiskData
 .text.eraseRawDiskBlock
                0x040012a2       0x3a /home/yangyang642/OC/out/mt2625_evb/nbiot_m2m_demo/obj/bootloader/driver/chip/mt2625/src/hal_flash_disk.o
                0x040012a2                eraseRawDiskBlock
 .text.NOR_init
                0x040012dc       0x28 /home/yangyang642/OC/out/mt2625_evb/nbiot_m2m_demo/obj/bootloader/driver/chip/mt2625/src/hal_flash_disk.o
                0x040012dc                NOR_init
 .text.NOR_BlockSize
                0x04001304       0x10 /home/yangyang642/OC/out/mt2625_evb/nbiot_m2m_demo/obj/bootloader/driver/chip/mt2625/src/hal_flash_disk.o
                0x04001304                NOR_BlockSize
 .text.NOR_BlockIndex
                0x04001314       0x10 /home/yangyang642/OC/out/mt2625_evb/nbiot_m2m_demo/obj/bootloader/driver/chip/mt2625/src/hal_flash_disk.o
                0x04001314                NOR_BlockIndex
 .text.get_rawdisk_error_code
                0x04001324       0x2c /home/yangyang642/OC/out/mt2625_evb/nbiot_m2m_demo/obj/bootloader/driver/chip/mt2625/src/hal_flash_disk.o
                0x04001324                get_rawdisk_error_code
 .text.get_block_size_from_address
                0x04001350       0x30 /home/yangyang642/OC/out/mt2625_evb/nbiot_m2m_demo/obj/bootloader/driver/chip/mt2625/src/hal_flash_disk.o
                0x04001350                get_block_size_from_address
 .text.hal_flash_init
                0x04001380        0xa /home/yangyang642/OC/out/mt2625_evb/nbiot_m2m_demo/obj/bootloader/driver/chip/mt2625/src/hal_flash_disk.o
                0x04001380                hal_flash_init
 *fill*         0x0400138a        0x2 
 .text.hal_flash_erase
                0x0400138c       0x28 /home/yangyang642/OC/out/mt2625_evb/nbiot_m2m_demo/obj/bootloader/driver/chip/mt2625/src/hal_flash_disk.o
                0x0400138c                hal_flash_erase
 .text.hal_flash_read
                0x040013b4       0x24 /home/yangyang642/OC/out/mt2625_evb/nbiot_m2m_demo/obj/bootloader/driver/chip/mt2625/src/hal_flash_disk.o
                0x040013b4                hal_flash_read
 .text.hal_flash_write
                0x040013d8       0x50 /home/yangyang642/OC/out/mt2625_evb/nbiot_m2m_demo/obj/bootloader/driver/chip/mt2625/src/hal_flash_disk.o
                0x040013d8                hal_flash_write
 .text.hal_uart_init
                0x04001428       0xdc /home/yangyang642/OC/out/mt2625_evb/nbiot_m2m_demo/obj/bootloader/driver/chip/mt2625/src/hal_uart.o
                0x04001428                hal_uart_init
 .text.hal_uart_put_char
                0x04001504       0x20 /home/yangyang642/OC/out/mt2625_evb/nbiot_m2m_demo/obj/bootloader/driver/chip/mt2625/src/hal_uart.o
                0x04001504                hal_uart_put_char
 .text.uart_set_baudrate
                0x04001524       0xa8 /home/yangyang642/OC/out/mt2625_evb/nbiot_m2m_demo/obj/bootloader/driver/chip/mt2625/src/hal_uart_internal.o
                0x04001524                uart_set_baudrate
 .text.uart_set_format
                0x040015cc       0x34 /home/yangyang642/OC/out/mt2625_evb/nbiot_m2m_demo/obj/bootloader/driver/chip/mt2625/src/hal_uart_internal.o
                0x040015cc                uart_set_format
 .text.uart_put_char_block
                0x04001600        0xa /home/yangyang642/OC/out/mt2625_evb/nbiot_m2m_demo/obj/bootloader/driver/chip/mt2625/src/hal_uart_internal.o
                0x04001600                uart_put_char_block
 *fill*         0x0400160a        0x2 
 .text.uart_set_fifo
                0x0400160c        0xc /home/yangyang642/OC/out/mt2625_evb/nbiot_m2m_demo/obj/bootloader/driver/chip/mt2625/src/hal_uart_internal.o
                0x0400160c                uart_set_fifo
 .text.uart_reset_default_value
                0x04001618       0x2c /home/yangyang642/OC/out/mt2625_evb/nbiot_m2m_demo/obj/bootloader/driver/chip/mt2625/src/hal_uart_internal.o
                0x04001618                uart_reset_default_value
 .text.rtc_set_pmu_ao_latch
                0x04001644       0x28 /home/yangyang642/OC/out/mt2625_evb/nbiot_m2m_demo/obj/bootloader/driver/chip/mt2625/src/hal_rtc.o
 .text.rtc_wait_busy
                0x0400166c       0x14 /home/yangyang642/OC/out/mt2625_evb/nbiot_m2m_demo/obj/bootloader/driver/chip/mt2625/src/hal_rtc.o
                0x0400166c                rtc_wait_busy
 .text.rtc_write_sramcon
                0x04001680       0x50 /home/yangyang642/OC/out/mt2625_evb/nbiot_m2m_demo/obj/bootloader/driver/chip/mt2625/src/hal_rtc.o
 .text.rtc_write_osc32con1
                0x040016d0       0x30 /home/yangyang642/OC/out/mt2625_evb/nbiot_m2m_demo/obj/bootloader/driver/chip/mt2625/src/hal_rtc.o
 .text.rtc_write_osc32con2
                0x04001700       0x50 /home/yangyang642/OC/out/mt2625_evb/nbiot_m2m_demo/obj/bootloader/driver/chip/mt2625/src/hal_rtc.o
 .text.rtc_write_trigger_wait
                0x04001750        0xe /home/yangyang642/OC/out/mt2625_evb/nbiot_m2m_demo/obj/bootloader/driver/chip/mt2625/src/hal_rtc.o
 *fill*         0x0400175e        0x2 
 .text.rtc_unlock_PROT
                0x04001760       0x24 /home/yangyang642/OC/out/mt2625_evb/nbiot_m2m_demo/obj/bootloader/driver/chip/mt2625/src/hal_rtc.o
 .text.rtc_lpd_init
                0x04001784       0x38 /home/yangyang642/OC/out/mt2625_evb/nbiot_m2m_demo/obj/bootloader/driver/chip/mt2625/src/hal_rtc.o
 .text.rtc_reload
                0x040017bc       0x28 /home/yangyang642/OC/out/mt2625_evb/nbiot_m2m_demo/obj/bootloader/driver/chip/mt2625/src/hal_rtc.o
 .text.rtc_set_data
                0x040017e4       0x6c /home/yangyang642/OC/out/mt2625_evb/nbiot_m2m_demo/obj/bootloader/driver/chip/mt2625/src/hal_rtc.o
                0x040017e4                rtc_set_data
 .text.hal_rtc_set_data
                0x04001850       0x18 /home/yangyang642/OC/out/mt2625_evb/nbiot_m2m_demo/obj/bootloader/driver/chip/mt2625/src/hal_rtc.o
                0x04001850                hal_rtc_set_data
 .text.hal_rtc_set_quarter_hour
                0x04001868       0x2a /home/yangyang642/OC/out/mt2625_evb/nbiot_m2m_demo/obj/bootloader/driver/chip/mt2625/src/hal_rtc.o
                0x04001868                hal_rtc_set_quarter_hour
 *fill*         0x04001892        0x2 
 .text.rtc_get_data
                0x04001894       0x44 /home/yangyang642/OC/out/mt2625_evb/nbiot_m2m_demo/obj/bootloader/driver/chip/mt2625/src/hal_rtc.o
                0x04001894                rtc_get_data
 .text.hal_rtc_get_data
                0x040018d8       0x18 /home/yangyang642/OC/out/mt2625_evb/nbiot_m2m_demo/obj/bootloader/driver/chip/mt2625/src/hal_rtc.o
                0x040018d8                hal_rtc_get_data
 .text.hal_rtc_retention_sram_config
                0x040018f0      0x220 /home/yangyang642/OC/out/mt2625_evb/nbiot_m2m_demo/obj/bootloader/driver/chip/mt2625/src/hal_rtc.o
                0x040018f0                hal_rtc_retention_sram_config
 .text.rtc_power_on_result
                0x04001b10       0x18 /home/yangyang642/OC/out/mt2625_evb/nbiot_m2m_demo/obj/bootloader/driver/chip/mt2625/src/hal_rtc.o
                0x04001b10                rtc_power_on_result
 .text.hal_rtc_exit_retention_mode
                0x04001b28       0xe4 /home/yangyang642/OC/out/mt2625_evb/nbiot_m2m_demo/obj/bootloader/driver/chip/mt2625/src/hal_rtc.o
                0x04001b28                hal_rtc_exit_retention_mode
 .text.rtc_get_second_diff_from_two_time
                0x04001c0c       0x14 /home/yangyang642/OC/out/mt2625_evb/nbiot_m2m_demo/obj/bootloader/driver/chip/mt2625/src/hal_rtc.o
                0x04001c0c                rtc_get_second_diff_from_two_time
 .text.rtc_tick_calculation
                0x04001c20       0x60 /home/yangyang642/OC/out/mt2625_evb/nbiot_m2m_demo/obj/bootloader/driver/chip/mt2625/src/hal_rtc.o
 .text.hal_rtc_init
                0x04001c80      0x3b0 /home/yangyang642/OC/out/mt2625_evb/nbiot_m2m_demo/obj/bootloader/driver/chip/mt2625/src/hal_rtc.o
                0x04001c80                hal_rtc_init
 .text.hal_wdt_isr
                0x04002030       0x1c /home/yangyang642/OC/out/mt2625_evb/nbiot_m2m_demo/obj/bootloader/driver/chip/mt2625/src/hal_wdt.o
 .text.hal_wdt_init
                0x0400204c       0x60 /home/yangyang642/OC/out/mt2625_evb/nbiot_m2m_demo/obj/bootloader/driver/chip/mt2625/src/hal_wdt.o
                0x0400204c                hal_wdt_init
 .text.hal_wdt_feed
                0x040020ac       0x44 /home/yangyang642/OC/out/mt2625_evb/nbiot_m2m_demo/obj/bootloader/driver/chip/mt2625/src/hal_wdt.o
                0x040020ac                hal_wdt_feed
 .text.hal_wdt_enable
                0x040020f0       0x28 /home/yangyang642/OC/out/mt2625_evb/nbiot_m2m_demo/obj/bootloader/driver/chip/mt2625/src/hal_wdt.o
                0x040020f0                hal_wdt_enable
 .text.wdt_set_length
                0x04002118       0x24 /home/yangyang642/OC/out/mt2625_evb/nbiot_m2m_demo/obj/bootloader/driver/chip/mt2625/src/hal_wdt_internal.o
                0x04002118                wdt_set_length
 .text.wdt_set_mode
                0x0400213c       0x14 /home/yangyang642/OC/out/mt2625_evb/nbiot_m2m_demo/obj/bootloader/driver/chip/mt2625/src/hal_wdt_internal.o
                0x0400213c                wdt_set_mode
 .text.wdt_set_restart
                0x04002150       0x10 /home/yangyang642/OC/out/mt2625_evb/nbiot_m2m_demo/obj/bootloader/driver/chip/mt2625/src/hal_wdt_internal.o
                0x04002150                wdt_set_restart
 .text.wdt_set_enable
                0x04002160       0x20 /home/yangyang642/OC/out/mt2625_evb/nbiot_m2m_demo/obj/bootloader/driver/chip/mt2625/src/hal_wdt_internal.o
                0x04002160                wdt_set_enable
 .text.wdt_get_reset_status
                0x04002180       0x1c /home/yangyang642/OC/out/mt2625_evb/nbiot_m2m_demo/obj/bootloader/driver/chip/mt2625/src/hal_wdt_internal.o
                0x04002180                wdt_get_reset_status
 .text.wdt_clear_irq
                0x0400219c        0xc /home/yangyang642/OC/out/mt2625_evb/nbiot_m2m_demo/obj/bootloader/driver/chip/mt2625/src/hal_wdt_internal.o
                0x0400219c                wdt_clear_irq
 .text.bl_itoa  0x040021a8       0x60 /home/yangyang642/OC/out/mt2625_evb/nbiot_m2m_demo/obj/bootloader/project/mt2625_evb/apps/bootloader/src/bl_dbgprint.o
 .text.bl_print_internal
                0x04002208      0x284 /home/yangyang642/OC/out/mt2625_evb/nbiot_m2m_demo/obj/bootloader/project/mt2625_evb/apps/bootloader/src/bl_dbgprint.o
                0x04002208                bl_print_internal
 .text.bl_print
                0x0400248c       0x24 /home/yangyang642/OC/out/mt2625_evb/nbiot_m2m_demo/obj/bootloader/project/mt2625_evb/apps/bootloader/src/bl_dbgprint.o
                0x0400248c                bl_print
 .text.bl_set_debug_level
                0x040024b0        0xc /home/yangyang642/OC/out/mt2625_evb/nbiot_m2m_demo/obj/bootloader/project/mt2625_evb/apps/bootloader/src/bl_dbgprint.o
                0x040024b0                bl_set_debug_level
 .text.bl_custom_cm4_start_address
                0x040024bc        0x8 /home/yangyang642/OC/out/mt2625_evb/nbiot_m2m_demo/obj/bootloader/project/mt2625_evb/apps/bootloader/src/custom_blconfig.o
                0x040024bc                bl_custom_cm4_start_address
 .text.bl_hardware_init
                0x040024c4       0xd0 /home/yangyang642/OC/out/mt2625_evb/nbiot_m2m_demo/obj/bootloader/project/mt2625_evb/apps/bootloader/src/main.o
                0x040024c4                bl_hardware_init
 .text.erase_app_partition
                0x04002594       0x48 /home/yangyang642/OC/out/mt2625_evb/nbiot_m2m_demo/obj/bootloader/project/mt2625_evb/apps/bootloader/src/main.o
                0x04002594                erase_app_partition
 .text.write_data_to_flash
                0x040025dc       0x28 /home/yangyang642/OC/out/mt2625_evb/nbiot_m2m_demo/obj/bootloader/project/mt2625_evb/apps/bootloader/src/main.o
                0x040025dc                write_data_to_flash
 .text.MD5Init  0x04002604       0x2c /home/yangyang642/OC/out/mt2625_evb/nbiot_m2m_demo/obj/bootloader/project/mt2625_evb/apps/bootloader/src/main.o
                0x04002604                MD5Init
 .text.MD5Encode
                0x04002630       0x30 /home/yangyang642/OC/out/mt2625_evb/nbiot_m2m_demo/obj/bootloader/project/mt2625_evb/apps/bootloader/src/main.o
                0x04002630                MD5Encode
 .text.MD5Decode
                0x04002660       0x30 /home/yangyang642/OC/out/mt2625_evb/nbiot_m2m_demo/obj/bootloader/project/mt2625_evb/apps/bootloader/src/main.o
                0x04002660                MD5Decode
 .text.MD5Transform
                0x04002690      0x738 /home/yangyang642/OC/out/mt2625_evb/nbiot_m2m_demo/obj/bootloader/project/mt2625_evb/apps/bootloader/src/main.o
                0x04002690                MD5Transform
 .text.MD5Update
                0x04002dc8       0x78 /home/yangyang642/OC/out/mt2625_evb/nbiot_m2m_demo/obj/bootloader/project/mt2625_evb/apps/bootloader/src/main.o
                0x04002dc8                MD5Update
 .text.MD5Final
                0x04002e40       0x4c /home/yangyang642/OC/out/mt2625_evb/nbiot_m2m_demo/obj/bootloader/project/mt2625_evb/apps/bootloader/src/main.o
                0x04002e40                MD5Final
 .text.usr_app_update
                0x04002e8c      0x15c /home/yangyang642/OC/out/mt2625_evb/nbiot_m2m_demo/obj/bootloader/project/mt2625_evb/apps/bootloader/src/main.o
                0x04002e8c                usr_app_update
 .text.get_appupdate_flag
                0x04002fe8       0x3c /home/yangyang642/OC/out/mt2625_evb/nbiot_m2m_demo/obj/bootloader/project/mt2625_evb/apps/bootloader/src/main.o
                0x04002fe8                get_appupdate_flag
 .text.get_appupfota_flag
                0x04003024       0x38 /home/yangyang642/OC/out/mt2625_evb/nbiot_m2m_demo/obj/bootloader/project/mt2625_evb/apps/bootloader/src/main.o
                0x04003024                get_appupfota_flag
 .text.bl_start_user_code
                0x0400305c       0x20 /home/yangyang642/OC/out/mt2625_evb/nbiot_m2m_demo/obj/bootloader/project/mt2625_evb/apps/bootloader/src/main.o
                0x0400305c                bl_start_user_code
 .text.bl_get_dl_result
                0x0400307c       0x54 /home/yangyang642/OC/out/mt2625_evb/nbiot_m2m_demo/obj/bootloader/project/mt2625_evb/apps/bootloader/src/main.o
                0x0400307c                bl_get_dl_result
 .text.startup.main
                0x040030d0       0xdc /home/yangyang642/OC/out/mt2625_evb/nbiot_m2m_demo/obj/bootloader/project/mt2625_evb/apps/bootloader/src/main.o
                0x040030d0                main
 .text.AdupsUseFlash
                0x040031ac        0x4 /home/yangyang642/OC/out/mt2625_evb/nbiot_m2m_demo/obj/bootloader/../../../../../adups/bl/src/adups_bl_flash.o
                0x040031ac                AdupsUseFlash
 .text.adups_bl_fota_get_block_size_length
                0x040031b0       0x26 /home/yangyang642/OC/out/mt2625_evb/nbiot_m2m_demo/obj/bootloader/../../../../../adups/bl/src/adups_bl_flash.o
                0x040031b0                adups_bl_fota_get_block_size_length
 *fill*         0x040031d6        0x2 
 .text.adups_bl_read_block
                0x040031d8       0x9c /home/yangyang642/OC/out/mt2625_evb/nbiot_m2m_demo/obj/bootloader/../../../../../adups/bl/src/adups_bl_flash.o
                0x040031d8                adups_bl_read_block
 .text.adups_bl_read_flash
                0x04003274       0xa8 /home/yangyang642/OC/out/mt2625_evb/nbiot_m2m_demo/obj/bootloader/../../../../../adups/bl/src/adups_bl_flash.o
                0x04003274                adups_bl_read_flash
 .text.adups_bl_erase_block
                0x0400331c       0x2c /home/yangyang642/OC/out/mt2625_evb/nbiot_m2m_demo/obj/bootloader/../../../../../adups/bl/src/adups_bl_flash.o
                0x0400331c                adups_bl_erase_block
 .text.adups_bl_write_block
                0x04003348       0xf8 /home/yangyang642/OC/out/mt2625_evb/nbiot_m2m_demo/obj/bootloader/../../../../../adups/bl/src/adups_bl_flash.o
                0x04003348                adups_bl_write_block
 .text.adups_bl_erase_delata
                0x04003440       0x38 /home/yangyang642/OC/out/mt2625_evb/nbiot_m2m_demo/obj/bootloader/../../../../../adups/bl/src/adups_bl_flash.o
                0x04003440                adups_bl_erase_delata
 .text.adups_bl_erase_backup_region
                0x04003478       0x24 /home/yangyang642/OC/out/mt2625_evb/nbiot_m2m_demo/obj/bootloader/../../../../../adups/bl/src/adups_bl_flash.o
                0x04003478                adups_bl_erase_backup_region
 .text.adups_bl_write_backup_region
                0x0400349c        0xc /home/yangyang642/OC/out/mt2625_evb/nbiot_m2m_demo/obj/bootloader/../../../../../adups/bl/src/adups_bl_flash.o
                0x0400349c                adups_bl_write_backup_region
 .text.adups_bl_read_backup_region
                0x040034a8        0xc /home/yangyang642/OC/out/mt2625_evb/nbiot_m2m_demo/obj/bootloader/../../../../../adups/bl/src/adups_bl_flash.o
                0x040034a8                adups_bl_read_backup_region
 .text.adups_bl_get_diff_param_size
                0x040034b4        0x6 /home/yangyang642/OC/out/mt2625_evb/nbiot_m2m_demo/obj/bootloader/../../../../../adups/bl/src/adups_bl_main.o
                0x040034b4                adups_bl_get_diff_param_size
 .text.adups_bl_get_curr_write_address
                0x040034ba        0x4 /home/yangyang642/OC/out/mt2625_evb/nbiot_m2m_demo/obj/bootloader/../../../../../adups/bl/src/adups_bl_main.o
                0x040034ba                adups_bl_get_curr_write_address
 *fill*         0x040034be        0x2 
 .text.adups_bl_get_app_base
                0x040034c0        0xc /home/yangyang642/OC/out/mt2625_evb/nbiot_m2m_demo/obj/bootloader/../../../../../adups/bl/src/adups_bl_main.o
                0x040034c0                adups_bl_get_app_base
 .text.adups_bl_get_delta_base
                0x040034cc        0xc /home/yangyang642/OC/out/mt2625_evb/nbiot_m2m_demo/obj/bootloader/../../../../../adups/bl/src/adups_bl_main.o
                0x040034cc                adups_bl_get_delta_base
 .text.is_update_success_mark
                0x040034d8       0x78 /home/yangyang642/OC/out/mt2625_evb/nbiot_m2m_demo/obj/bootloader/../../../../../adups/bl/src/adups_bl_main.o
                0x040034d8                is_update_success_mark
 .text.AUDPSProcedure
                0x04003550      0x16c /home/yangyang642/OC/out/mt2625_evb/nbiot_m2m_demo/obj/bootloader/../../../../../adups/bl/src/adups_bl_main.o
                0x04003550                AUDPSProcedure
 .text.adups_get_delta_file_path
                0x040036bc        0x8 /home/yangyang642/OC/out/mt2625_evb/nbiot_m2m_demo/obj/bootloader/../../../../../adups/bl/src/adups_file.o
                0x040036bc                adups_get_delta_file_path
 .text.adups_get_backup_file_path
                0x040036c4        0x8 /home/yangyang642/OC/out/mt2625_evb/nbiot_m2m_demo/obj/bootloader/../../../../../adups/bl/src/adups_file.o
                0x040036c4                adups_get_backup_file_path
 .text.adups_Open_File
                0x040036cc        0x4 /home/yangyang642/OC/out/mt2625_evb/nbiot_m2m_demo/obj/bootloader/../../../../../adups/bl/src/adups_file.o
                0x040036cc                adups_Open_File
 .text.adups_Seek_File
                0x040036d0        0x4 /home/yangyang642/OC/out/mt2625_evb/nbiot_m2m_demo/obj/bootloader/../../../../../adups/bl/src/adups_file.o
                0x040036d0                adups_Seek_File
 .text.adups_Write_File
                0x040036d4        0x6 /home/yangyang642/OC/out/mt2625_evb/nbiot_m2m_demo/obj/bootloader/../../../../../adups/bl/src/adups_file.o
                0x040036d4                adups_Write_File
 .text.adups_Read_File
                0x040036da        0x6 /home/yangyang642/OC/out/mt2625_evb/nbiot_m2m_demo/obj/bootloader/../../../../../adups/bl/src/adups_file.o
                0x040036da                adups_Read_File
 .text.adups_Get_File_Size
                0x040036e0        0x6 /home/yangyang642/OC/out/mt2625_evb/nbiot_m2m_demo/obj/bootloader/../../../../../adups/bl/src/adups_file.o
                0x040036e0                adups_Get_File_Size
 .text.adups_Close_File
                0x040036e6        0x2 /home/yangyang642/OC/out/mt2625_evb/nbiot_m2m_demo/obj/bootloader/../../../../../adups/bl/src/adups_file.o
                0x040036e6                adups_Close_File
 .text.chip_is_mt2625E3
                0x040036e8       0x20 ../../../../../prebuilt/driver/chip/mt2625/lib/libhal_protected_CM4_GCC.a(version_code.o)
                0x040036e8                chip_is_mt2625E3
 .text.BZ2_decompress
                0x04003708     0x1a9c ../../../../../adups/bl/lib/libadups.a(decompress.o)
                0x04003708                BZ2_decompress
 .text.TTank_free_block.isra.0
                0x040051a4      0x190 ../../../../../adups/bl/lib/libadups.a(peer_vm.o)
 .text.TTank_lock_block
                0x04005334       0x3e ../../../../../adups/bl/lib/libadups.a(peer_vm.o)
 *fill*         0x04005372        0x2 
 .text.Tank_Destroy
                0x04005374       0x78 ../../../../../adups/bl/lib/libadups.a(peer_vm.o)
 .text.Tank_DetachAllDetachableSubTanks
                0x040053ec       0x3c ../../../../../adups/bl/lib/libadups.a(peer_vm.o)
 .text.Tank_CompactAllTanks.part.4
                0x04005428      0x150 ../../../../../adups/bl/lib/libadups.a(peer_vm.o)
 .text.TTank_alloc_block
                0x04005578      0x274 ../../../../../adups/bl/lib/libadups.a(peer_vm.o)
 .text.TTank_movelo_block
                0x040057ec       0x9c ../../../../../adups/bl/lib/libadups.a(peer_vm.o)
 .text.TTank_Compact
                0x04005888      0x1ba ../../../../../adups/bl/lib/libadups.a(peer_vm.o)
 *fill*         0x04005a42        0x2 
 .text.Tank_alloc_mptrblk
                0x04005a44       0x38 ../../../../../adups/bl/lib/libadups.a(peer_vm.o)
 .text.frame_memory_initialize
                0x04005a7c      0x1c8 ../../../../../adups/bl/lib/libadups.a(peer_vm.o)
                0x04005a7c                frame_memory_initialize
 .text.frame_memory_malloc
                0x04005c44       0x40 ../../../../../adups/bl/lib/libadups.a(peer_vm.o)
                0x04005c44                frame_memory_malloc
 .text.frame_memory_free
                0x04005c84       0x3c ../../../../../adups/bl/lib/libadups.a(peer_vm.o)
                0x04005c84                frame_memory_free
 .text.frame_memory_finalize
                0x04005cc0       0x50 ../../../../../adups/bl/lib/libadups.a(peer_vm.o)
                0x04005cc0                frame_memory_finalize
 .text.adups_IsPackgeFound
                0x04005d10       0xd8 ../../../../../adups/bl/lib/libadups.a(fotapatch.o)
                0x04005d10                adups_IsPackgeFound
 .text.adups_get_package_number
                0x04005de8       0x4e ../../../../../adups/bl/lib/libadups.a(fotapatch.o)
                0x04005de8                adups_get_package_number
 *fill*         0x04005e36        0x2 
 .text.adups_get_package_info
                0x04005e38      0x134 ../../../../../adups/bl/lib/libadups.a(fotapatch.o)
                0x04005e38                adups_get_package_info
 .text.adups_init_mem_pool
                0x04005f6c        0x4 ../../../../../adups/bl/lib/libadups.a(fotapatch.o)
                0x04005f6c                adups_init_mem_pool
 .text.fotapatch_procedure
                0x04005f70       0x3c ../../../../../adups/bl/lib/libadups.a(fotapatch.o)
                0x04005f70                fotapatch_procedure
 .text.calc_crc
                0x04005fac       0x68 ../../../../../adups/bl/lib/libadups.a(crc.o)
                0x04005fac                calc_crc
 .text.offtin   0x04006014       0x96 ../../../../../adups/bl/lib/libadups.a(bspatch.o)
 *fill*         0x040060aa        0x2 
 .text.pre_check_backup
                0x040060ac      0x10c ../../../../../adups/bl/lib/libadups.a(bspatch.o)
 .text.save_newdata
                0x040061b8       0x8c ../../../../../adups/bl/lib/libadups.a(bspatch.o)
 .text.save_backup
                0x04006244       0xa8 ../../../../../adups/bl/lib/libadups.a(bspatch.o)
 .text.bz2_read
                0x040062ec       0x20 ../../../../../adups/bl/lib/libadups.a(bspatch.o)
 .text.check_backup
                0x0400630c       0x90 ../../../../../adups/bl/lib/libadups.a(bspatch.o)
 .text.adups_patch_ratio
                0x0400639c       0x10 ../../../../../adups/bl/lib/libadups.a(bspatch.o)
                0x0400639c                adups_patch_ratio
 .text.adups_patch_prepare
                0x040063ac       0x10 ../../../../../adups/bl/lib/libadups.a(bspatch.o)
                0x040063ac                adups_patch_prepare
 .text.pre_check_oldbin
                0x040063bc      0x1a0 ../../../../../adups/bl/lib/libadups.a(bspatch.o)
 .text.check_patched
                0x0400655c      0x1b4 ../../../../../adups/bl/lib/libadups.a(bspatch.o)
                0x0400655c                check_patched
 .text.bspatch  0x04006710      0x48c ../../../../../adups/bl/lib/libadups.a(bspatch.o)
                0x04006710                bspatch
 .text.bspatch_reverse
                0x04006b9c      0x6b8 ../../../../../adups/bl/lib/libadups.a(bspatch.o)
                0x04006b9c                bspatch_reverse
 .text.bspatchFile
                0x04007254      0x3c8 ../../../../../adups/bl/lib/libadups.a(bspatch.o)
                0x04007254                bspatchFile
 .text.BZ2_hbCreateDecodeTables
                0x0400761c       0xc2 ../../../../../adups/bl/lib/libadups.a(huffman.o)
                0x0400761c                BZ2_hbCreateDecodeTables
 *fill*         0x040076de        0x2 
 .text.default_bzfree
                0x040076e0       0x1c ../../../../../adups/bl/lib/libadups.a(bzlib.o)
 .text.default_bzalloc
                0x040076fc       0x20 ../../../../../adups/bl/lib/libadups.a(bzlib.o)
 .text.BZ2_bzDecompressInit
                0x0400771c       0x7c ../../../../../adups/bl/lib/libadups.a(bzlib.o)
                0x0400771c                BZ2_bzDecompressInit
 .text.BZ2_indexIntoF
                0x04007798       0x24 ../../../../../adups/bl/lib/libadups.a(bzlib.o)
                0x04007798                BZ2_indexIntoF
 .text.BZ2_bzDecompress
                0x040077bc      0x8e8 ../../../../../adups/bl/lib/libadups.a(bzlib.o)
                0x040077bc                BZ2_bzDecompress
 .text.BZ2_bzDecompressEnd
                0x040080a4       0x46 ../../../../../adups/bl/lib/libadups.a(bzlib.o)
                0x040080a4                BZ2_bzDecompressEnd
 *fill*         0x040080ea        0x2 
 .text.BZ2_bzReadOpen
                0x040080ec      0x110 ../../../../../adups/bl/lib/libadups.a(bzlib.o)
                0x040080ec                BZ2_bzReadOpen
 .text.BZ2_bzReadClose
                0x040081fc       0x54 ../../../../../adups/bl/lib/libadups.a(bzlib.o)
                0x040081fc                BZ2_bzReadClose
 .text.BZ2_bzRead
                0x04008250      0x174 ../../../../../adups/bl/lib/libadups.a(bzlib.o)
                0x04008250                BZ2_bzRead
 .text.get_pos  0x040083c4       0x34 ../../../../../adups/bl/lib/libadups.a(peer.o)
 .text.update_pos
                0x040083f8       0x34 ../../../../../adups/bl/lib/libadups.a(peer.o)
 .text.init_pos_array
                0x0400842c       0x10 ../../../../../adups/bl/lib/libadups.a(peer.o)
                0x0400842c                init_pos_array
 .text.peer_update_length
                0x0400843c       0x34 ../../../../../adups/bl/lib/libadups.a(peer.o)
                0x0400843c                peer_update_length
 .text.peer_get_length
                0x04008470       0x34 ../../../../../adups/bl/lib/libadups.a(peer.o)
                0x04008470                peer_get_length
 .text.peer_assert
                0x040084a4        0x2 ../../../../../adups/bl/lib/libadups.a(peer.o)
                0x040084a4                peer_assert
 .text.peer_malloc_ptr
                0x040084a6        0x4 ../../../../../adups/bl/lib/libadups.a(peer.o)
                0x040084a6                peer_malloc_ptr
 .text.peer_free_ptr
                0x040084aa        0x4 ../../../../../adups/bl/lib/libadups.a(peer.o)
                0x040084aa                peer_free_ptr
 *fill*         0x040084ae        0x2 
 .text.peer_fclose
                0x040084b0       0x54 ../../../../../adups/bl/lib/libadups.a(peer.o)
                0x040084b0                peer_fclose
 .text.peer_fread
                0x04008504      0x12c ../../../../../adups/bl/lib/libadups.a(peer.o)
                0x04008504                peer_fread
 .text.peer_fwrite
                0x04008630       0xac ../../../../../adups/bl/lib/libadups.a(peer.o)
                0x04008630                peer_fwrite
 .text.peer_ftell
                0x040086dc        0x4 ../../../../../adups/bl/lib/libadups.a(peer.o)
                0x040086dc                peer_ftell
 .text.peer_filesize
                0x040086e0       0x44 ../../../../../adups/bl/lib/libadups.a(peer.o)
                0x040086e0                peer_filesize
 .text.peer_fseek
                0x04008724       0x9c ../../../../../adups/bl/lib/libadups.a(peer.o)
                0x04008724                peer_fseek
 .text.peer_ferror
                0x040087c0        0x4 ../../../../../adups/bl/lib/libadups.a(peer.o)
                0x040087c0                peer_ferror
 .text.peer_ftruncate
                0x040087c4       0x14 ../../../../../adups/bl/lib/libadups.a(peer.o)
                0x040087c4                peer_ftruncate
 .text.peer_str_ucs2_to_ascii
                0x040087d8       0x2e ../../../../../adups/bl/lib/libadups.a(peer.o)
                0x040087d8                peer_str_ucs2_to_ascii
 .text.peer_str_ascii_to_ucs2
                0x04008806       0x1e ../../../../../adups/bl/lib/libadups.a(peer.o)
                0x04008806                peer_str_ascii_to_ucs2
 .text.peer_fopen
                0x04008824       0xe8 ../../../../../adups/bl/lib/libadups.a(peer.o)
                0x04008824                peer_fopen
 .text.readFromBackup
                0x0400890c       0x80 ../../../../../adups/bl/lib/libadups.a(peer.o)
                0x0400890c                readFromBackup
 .text.writeToBackup
                0x0400898c       0x78 ../../../../../adups/bl/lib/libadups.a(peer.o)
                0x0400898c                writeToBackup
 .text.peer_backupAlways
                0x04008a04       0x34 ../../../../../adups/bl/lib/libadups.a(peer.o)
                0x04008a04                peer_backupAlways
 .text.memcmp   0x04008a38       0x1e /home/yangyang642/OC/tools/gcc/linux/gcc-arm-none-eabi/bin/../lib/gcc/arm-none-eabi/4.8.4/../../../../arm-none-eabi/lib/armv7e-m/fpu/libg_s.a(lib_a-memcmp.o)
                0x04008a38                memcmp
 .text.memcpy   0x04008a56       0x12 /home/yangyang642/OC/tools/gcc/linux/gcc-arm-none-eabi/bin/../lib/gcc/arm-none-eabi/4.8.4/../../../../arm-none-eabi/lib/armv7e-m/fpu/libg_s.a(lib_a-memcpy-stub.o)
                0x04008a56                memcpy
 .text.memmove  0x04008a68       0x36 /home/yangyang642/OC/tools/gcc/linux/gcc-arm-none-eabi/bin/../lib/gcc/arm-none-eabi/4.8.4/../../../../arm-none-eabi/lib/armv7e-m/fpu/libg_s.a(lib_a-memmove.o)
                0x04008a68                memmove
 .text.memset   0x04008a9e       0x10 /home/yangyang642/OC/tools/gcc/linux/gcc-arm-none-eabi/bin/../lib/gcc/arm-none-eabi/4.8.4/../../../../arm-none-eabi/lib/armv7e-m/fpu/libg_s.a(lib_a-memset.o)
                0x04008a9e                memset
 .text.strncmp  0x04008aae       0x2e /home/yangyang642/OC/tools/gcc/linux/gcc-arm-none-eabi/bin/../lib/gcc/arm-none-eabi/4.8.4/../../../../arm-none-eabi/lib/armv7e-m/fpu/libg_s.a(lib_a-strncmp.o)
                0x04008aae                strncmp
 *(.rodata)
 .rodata        0x04008adc        0x8 /home/yangyang642/OC/out/mt2625_evb/nbiot_m2m_demo/obj/bootloader/driver/chip/mt2625/src/hal_emi.o
 .rodata        0x04008ae4       0x28 /home/yangyang642/OC/out/mt2625_evb/nbiot_m2m_demo/obj/bootloader/driver/chip/mt2625/src/hal_uart_internal.o
 .rodata        0x04008b0c       0x34 /home/yangyang642/OC/out/mt2625_evb/nbiot_m2m_demo/obj/bootloader/driver/chip/mt2625/src/hal_rtc.o
 *(.rodata*)
 .rodata.combo_mem_id_list
                0x04008b40       0x44 /home/yangyang642/OC/out/mt2625_evb/nbiot_m2m_demo/obj/bootloader/driver/chip/mt2625/src/hal_flash_combo_init.o
                0x04008b40                combo_mem_id_list
 .rodata.combo_mem_sw_list
                0x04008b84      0x2b8 /home/yangyang642/OC/out/mt2625_evb/nbiot_m2m_demo/obj/bootloader/driver/chip/mt2625/src/hal_flash_combo_nor.o
 .rodata.g_uart_baudrate_map
                0x04008e3c       0x60 /home/yangyang642/OC/out/mt2625_evb/nbiot_m2m_demo/obj/bootloader/driver/chip/mt2625/src/hal_uart.o
 .rodata.CSWTCH.5
                0x04008e9c        0x4 /home/yangyang642/OC/out/mt2625_evb/nbiot_m2m_demo/obj/bootloader/driver/chip/mt2625/src/hal_uart_internal.o
 .rodata.g_uart_port_to_pdn
                0x04008ea0        0x4 /home/yangyang642/OC/out/mt2625_evb/nbiot_m2m_demo/obj/bootloader/driver/chip/mt2625/src/hal_uart_internal.o
                0x04008ea0                g_uart_port_to_pdn
 .rodata.g_uart_regbase
                0x04008ea4       0x10 /home/yangyang642/OC/out/mt2625_evb/nbiot_m2m_demo/obj/bootloader/driver/chip/mt2625/src/hal_uart_internal.o
                0x04008ea4                g_uart_regbase
 .rodata.past_days.8966
                0x04008eb4       0x30 /home/yangyang642/OC/out/mt2625_evb/nbiot_m2m_demo/obj/bootloader/driver/chip/mt2625/src/hal_rtc.o
 .rodata.str1.1
                0x04008ee4      0x2d0 /home/yangyang642/OC/out/mt2625_evb/nbiot_m2m_demo/obj/bootloader/driver/chip/mt2625/src/hal_rtc.o
 .rodata.rtc_spare_register_table
                0x040091b4       0x10 /home/yangyang642/OC/out/mt2625_evb/nbiot_m2m_demo/obj/bootloader/driver/chip/mt2625/src/hal_rtc.o
 .rodata.str1.1
                0x040091c4        0x7 /home/yangyang642/OC/out/mt2625_evb/nbiot_m2m_demo/obj/bootloader/project/mt2625_evb/apps/bootloader/src/bl_dbgprint.o
 .rodata.str1.1
                0x040091cb      0x2c9 /home/yangyang642/OC/out/mt2625_evb/nbiot_m2m_demo/obj/bootloader/project/mt2625_evb/apps/bootloader/src/main.o
 .rodata.__FUNCTION__.6942
                0x04009494       0x11 /home/yangyang642/OC/out/mt2625_evb/nbiot_m2m_demo/obj/bootloader/project/mt2625_evb/apps/bootloader/src/main.o
 .rodata.str1.1
                0x040094a5      0x29f /home/yangyang642/OC/out/mt2625_evb/nbiot_m2m_demo/obj/bootloader/../../../../../adups/bl/src/adups_bl_flash.o
 .rodata.str1.1
                0x04009744      0x202 /home/yangyang642/OC/out/mt2625_evb/nbiot_m2m_demo/obj/bootloader/../../../../../adups/bl/src/adups_bl_main.o
                                0x23e (size before relaxing)
 .rodata.__FUNCTION__.8712
                0x04009946       0x17 /home/yangyang642/OC/out/mt2625_evb/nbiot_m2m_demo/obj/bootloader/../../../../../adups/bl/src/adups_bl_main.o
 *fill*         0x0400995d        0x3 
 .rodata.str4.4
                0x04009960      0x38c /home/yangyang642/OC/out/mt2625_evb/nbiot_m2m_demo/obj/bootloader/../../../../../adups/bl/src/adups_file.o
 .rodata.str1.1
                0x04009cec       0x6a ../../../../../adups/bl/lib/libadups.a(peer_vm.o)
 .rodata.str1.1
                0x04009d56       0xbe ../../../../../adups/bl/lib/libadups.a(fotapatch.o)
 .rodata.str1.1
                0x04009e14       0x6d ../../../../../adups/bl/lib/libadups.a(crc.o)
 .rodata.str1.1
                0x04009e81      0x811 ../../../../../adups/bl/lib/libadups.a(bspatch.o)
                                0x8a5 (size before relaxing)
 .rodata.str1.1
                0x0400a692      0x18e ../../../../../adups/bl/lib/libadups.a(bzlib.o)
                                0x1a2 (size before relaxing)
 .rodata.str1.1
                0x0400a820      0x2e5 ../../../../../adups/bl/lib/libadups.a(peer.o)
                                0x2fa (size before relaxing)
 *(.ram_rodata)
 *fill*         0x0400ab05        0x3 
 .ram_rodata    0x0400ab08      0x220 /home/yangyang642/OC/out/mt2625_evb/nbiot_m2m_demo/obj/bootloader/driver/chip/mt2625/src/hal_flash_custom_sfi.o
 *(.sysram_rodata)
 *(.tcm_rodata)
 *(.glue_7)
 .glue_7        0x00000000        0x0 linker stubs
 *(.glue_7t)
 .glue_7t       0x00000000        0x0 linker stubs
 *(.eh_frame)
 *(.ram_code)
 .ram_code      0x0400ad28      0x320 /home/yangyang642/OC/out/mt2625_evb/nbiot_m2m_demo/obj/bootloader/driver/chip/mt2625/src/hal_flash_mtd_common.o
                0x0400ad28                SFI_ReverseByteOrder
                0x0400ad2c                SFI_Dev_CommandAddress
                0x0400ad74                SFI_GPRAM_Write_C1A3
                0x0400ad86                SFI_GPRAM_Write_C1A4
                0x0400add0                SFI_GPRAM_Write
                0x0400ae56                SFI_Dev_Command_Ext
                0x0400aed0                SFI_Dev_Command_List
                0x0400af9c                SFI_ReadDeviceID
                0x0400afb6                SFI_ReadDeviceID_SPI
                0x0400afbc                SFI_Dev_WorkingFrequencyQuery
                0x0400afc0                SFI_Dev_WorkingVoltageQuery
                0x0400afd8                SFI_Dev_GetUniqueID
                0x0400afe8                SF_DAL_DEV_Enter_DPD
 .ram_code      0x0400b048      0xfc0 /home/yangyang642/OC/out/mt2625_evb/nbiot_m2m_demo/obj/bootloader/driver/chip/mt2625/src/hal_flash_mtd_dal.o
                0x0400b048                SF_DAL_UnlockBlock_None
                0x0400b04c                SF_DAL_NonBlockEraseBlock
                0x0400b052                SF_DAL_LockEraseBlkAddr
                0x0400b056                SF_DAL_OTPQueryLength
                0x0400b060                SF_DAL_OTPAccess
                0x0400b0a4                SF_DAL_OTPRead_WINBOND
                0x0400b1d4                SF_DAL_OTPRead_GIGADEVICE
                0x0400b2ec                get_current_32K_counter
                0x0400b306                ust_busy_wait
                0x0400b30a                SaveAndSetIRQMask
                0x0400b30e                RestoreIRQMask
                0x0400b310                sfi_60qbit_test
                0x0400b314                Flash_ReturnReady
                0x0400b316                SF_DAL_FLAG_BUSY_SET
                0x0400b324                SF_DAL_FLAG_BUSY_CLR
                0x0400b330                SF_DAL_FLAG_SUS_SET
                0x0400b33c                SF_DAL_FLAG_SUS_CLR
                0x0400b348                SF_DAL_Dev_ReadID
                0x0400b380                SF_DAL_Dev_Suspend
                0x0400b3d0                SF_DAL_Dev_Resume
                0x0400b414                SF_DAL_ResumeErase
                0x0400b41e                SF_DAL_Dev_ReadStatus
                0x0400b450                SF_DAL_ShutDown
                0x0400b494                SF_DAL_SuspendErase
                0x0400b4c0                SF_DAL_Dev_Command
                0x0400b4f0                SF_DAL_FailCheck
                0x0400b528                SF_DAL_CheckReadyAndResume
                0x0400b594                SF_DAL_CheckDeviceReady
                0x0400b614                SF_DAL_MountDevice
                0x0400b66e                SF_DAL_Dev_WriteEnable
                0x0400b67a                SF_DAL_ProgramData
                0x0400b7ac                SF_DAL_Dev_EraseBlock
                0x0400b7f8                SF_DAL_EraseBlock
                0x0400b8b6                SF_DAL_OTPLock_WINBOND
                0x0400b918                SF_DAL_OTPErase_WINBOND
                0x0400ba74                SF_DAL_OTPWrite_WINBOND
                0x0400bc00                SF_DAL_OTPLock_GIGADEVICE
                0x0400bc64                SF_DAL_OTPWrite_GIGADEVICE
                0x0400bdbc                SF_DAL_OTPLock_MXIC
                0x0400bdee                SF_DAL_OTPWrite_MXIC
                0x0400bec8                SF_DAL_OTPRead_MXIC
                0x0400bf5c                SF_DAL_Dev_Command_Ext
                0x0400bf6c                SF_DAL_Dev_WaitReady_EMIINIT
                0x0400bf98                SF_DAL_UnlockBlock_MXIC
 .ram_code      0x0400c008       0xc4 /home/yangyang642/OC/out/mt2625_evb/nbiot_m2m_demo/obj/bootloader/driver/chip/mt2625/src/hal_flash_custom_sfi.o
                0x0400c008                custom_setSFI
                0x0400c0b4                custom_setSFIExt
 .ram_code      0x0400c0cc       0xf8 /home/yangyang642/OC/out/mt2625_evb/nbiot_m2m_demo/obj/bootloader/driver/chip/mt2625/src/hal_flash_combo_init.o
                0x0400c0cc                CMEM_EMIINIT_CheckValidDeviceID
                0x0400c108                CMEM_EMIINIT_ReadID
                0x0400c164                CMEM_EMIINIT_Index
 .ram_code      0x0400c1c4       0x7c /home/yangyang642/OC/out/mt2625_evb/nbiot_m2m_demo/obj/bootloader/driver/chip/mt2625/src/hal_flash_cfi.o
                0x0400c1c4                NOR_ReadID
 .ram_code      0x0400c240      0x178 /home/yangyang642/OC/out/mt2625_evb/nbiot_m2m_demo/obj/bootloader/driver/chip/mt2625/src/hal_flash_mtd.o
                0x0400c240                BlockAddress
                0x0400c280                MapWindow
                0x0400c350                BlockSize
                0x0400c36e                BlockIndex
                0x0400c3b4                DelayAWhile_UST
 *(.sysram_code)
 *(.tcm_code)
 .tcm_code      0x0400c3b8      0x120 /home/yangyang642/OC/out/mt2625_evb/nbiot_m2m_demo/obj/bootloader/driver/chip/mt2625/src/hal_cache.o
                0x0400c3b8                hal_cache_invalidate_one_cache_line
                0x0400c3ec                hal_cache_invalidate_multiple_cache_lines
                0x0400c420                hal_cache_invalidate_all_cache_lines
                0x0400c458                hal_cache_flush_one_cache_line
                0x0400c48c                hal_cache_flush_multiple_cache_lines
                0x0400c4b0                hal_cache_flush_all_cache_lines
 .tcm_code      0x0400c4d8      0x57c /home/yangyang642/OC/out/mt2625_evb/nbiot_m2m_demo/obj/bootloader/driver/chip/mt2625/src/hal_emi.o
                0x0400c4d8                __EMI_GetSR
                0x0400c504                __EMI_SetSR
                0x0400c530                __EMI_SetRegValfromCMCP
                0x0400c578                EMI_PowerOn_Init
                0x0400c5d8                custom_setEMI
                0x0400c604                hal_emi_configure
                0x0400c608                __EMI_EnableBandwidthLimiter
                0x0400c644                TestCase_MBIST
                0x0400c6f8                __EMI_DataAutoTrackingMbistTest
                0x0400c708                __EMI_EnableDataAutoTracking
                0x0400c750                custom_setAdvEMI
                0x0400c7dc                hal_emi_configure_advanced
                0x0400c7e0                EMI_Setting_Save
                0x0400c838                EMI_Setting_restore
                0x0400c89c                mtk_psram_half_sleep_exit
                0x0400c910                mtk_psram_half_sleep_enter
                0x0400c960                EMI_DynamicClockSwitch
                0x0400c9bc                hal_emi_dynamic_clock_switch
                0x0400ca34                emi_mask_master
                0x0400ca44                emi_unmask_master
 .tcm_code      0x0400ca54       0x58 /home/yangyang642/OC/out/mt2625_evb/nbiot_m2m_demo/obj/bootloader/driver/chip/mt2625/src/hal_nvic.o
                0x0400ca54                get_current_irq
                0x0400ca64                isrC_main
                0x0400ca94                hal_nvic_save_and_set_interrupt_mask
                0x0400caa2                hal_nvic_restore_interrupt_mask
 .tcm_code      0x0400caac        0xe /home/yangyang642/OC/out/mt2625_evb/nbiot_m2m_demo/obj/bootloader/driver/chip/mt2625/src/hal_nvic_internal.o
                0x0400caac                save_and_set_interrupt_mask
                0x0400cab4                restore_interrupt_mask
 *fill*         0x0400caba        0x2 
 .tcm_code      0x0400cabc      0x16c /home/yangyang642/OC/out/mt2625_evb/nbiot_m2m_demo/obj/bootloader/driver/chip/mt2625/src/hal_flash_mtd_common.o
                0x0400cabc                SFI_MacEnable
                0x0400cae8                SFI_MacLeave
                0x0400cb14                SFI_MacTrigger
                0x0400cb3c                SFI_MacWaitReady
                0x0400cb4e                SFI_Dev_Command
                0x0400cb8c                SF_DAL_DEV_Leave_DPD
                0x0400cbd4                SF_DAL_DEV_SWITCH_TO_LOW_FQ
                0x0400cc04                SF_DAL_DEV_SWITCH_TO_HIGH_FQ
 .tcm_code      0x0400cc28       0x1c /home/yangyang642/OC/out/mt2625_evb/nbiot_m2m_demo/obj/bootloader/driver/chip/mt2625/src/hal_flash_mtd_dal.o
                0x0400cc28                sf_get_current_time
 .tcm_code      0x0400cc44       0xe0 /home/yangyang642/OC/out/mt2625_evb/nbiot_m2m_demo/obj/bootloader/driver/chip/mt2625/src/hal_gpt.o
                0x0400cc44                hal_gpt_get_free_run_count
                0x0400cca4                hal_gpt_get_duration_count
                0x0400ccb4                hal_gpt_delay_ms
                0x0400ccf0                hal_gpt_delay_us
 .tcm_code      0x0400cd24       0x88 /home/yangyang642/OC/out/mt2625_evb/nbiot_m2m_demo/obj/bootloader/driver/chip/mt2625/src/hal_gpt_internal.o
                0x0400cd24                gpt_current_count
                0x0400cd28                gpt_convert_ms_to_32k_count
                0x0400cd50                gpt_open_clock_source
                0x0400cd6c                gpt_start_free_run_timer
                0x0400cd84                gpt_delay_time
 .tcm_code      0x0400cdac      0xf54 /home/yangyang642/OC/out/mt2625_evb/nbiot_m2m_demo/obj/bootloader/driver/chip/mt2625/src/hal_clock.o
                0x0400cdac                clock_mux_sel
                0x0400d0c8                clock_mux_get_state
                0x0400d130                hal_clock_enable
                0x0400d19c                hal_clock_disable
                0x0400d210                hal_clock_is_enabled
                0x0400d240                clock_suspend
                0x0400d244                clock_resume
                0x0400d248                hal_clock_get_freq_meter
                0x0400d2b0                hal_clock_get_freq_meter_cycle
                0x0400d2b4                hal_clock_set_vore_voltage
                0x0400d2c8                hal_clock_get_vore_voltage
                0x0400d2d4                hal_clock_set_pll_dcm_init
                0x0400d57c                hal_clock_disable_pll
                0x0400d5c0                hal_clock_set_switch_to_0P9V
                0x0400d724                hal_clock_set_switch_to_1P1V
                0x0400d8f4                hal_clock_set_switch_to_1P1V_78M
                0x0400dac4                hal_clock_set_switch_to_1P3V
                0x0400dcb0                hal_clock_init
 .tcm_code      0x0400dd00      0x1d8 /home/yangyang642/OC/out/mt2625_evb/nbiot_m2m_demo/obj/bootloader/driver/chip/mt2625/src/hal_rtc.o
                0x0400dd00                rtc_query_cbusy
                0x0400dd14                rtc_write_trigger
                0x0400dd24                hal_rtc_get_time
                0x0400dda4                rtc_forward_time
                0x0400de60                rtc_calendar_time_to_seconds
 *(.init)
 *(.fini)
                0x0400ded8                . = ALIGN (0x4)
                0x0400ded8                _etext = .
                0x0400ded8                _exit = .
                0x0800fee0                _sidata = LOADADDR (.data)

.vfp11_veneer   0x0400ded8        0x0 load address 0x0800fed8
 .vfp11_veneer  0x00000000        0x0 linker stubs

.v4_bx          0x0400ded8        0x0 load address 0x0800fed8
 .v4_bx         0x00000000        0x0 linker stubs

.iplt           0x0400ded8        0x0 load address 0x0800fed8
 .iplt          0x00000000        0x0 /home/yangyang642/OC/out/mt2625_evb/nbiot_m2m_demo/obj/bootloader/driver/chip/mt2625/src/hal_adc.o

.rel.dyn        0x0400ded8        0x0 load address 0x0800fed8
 .rel.iplt      0x00000000        0x0 /home/yangyang642/OC/out/mt2625_evb/nbiot_m2m_demo/obj/bootloader/driver/chip/mt2625/src/hal_adc.o

.ARM.exidx      0x0400ded8        0x8 load address 0x0800fed8
 .ARM.exidx     0x0400ded8        0x8 /home/yangyang642/OC/tools/gcc/linux/gcc-arm-none-eabi/bin/../lib/gcc/arm-none-eabi/4.8.4/armv7e-m/fpu/libgcc.a(_divdi3.o)
 .ARM.exidx     0x0400dee0        0x0 /home/yangyang642/OC/tools/gcc/linux/gcc-arm-none-eabi/bin/../lib/gcc/arm-none-eabi/4.8.4/armv7e-m/fpu/libgcc.a(_udivdi3.o)
                                  0x8 (size before relaxing)

.data           0x0400dee0      0xd2c load address 0x0800fee0
                0x0400dee0                . = ALIGN (0x4)
                0x0400dee0                _sdata = .
 *(.data)
 *(.data*)
 .data.sf_dal_resume_time
                0x0400dee0        0x4 /home/yangyang642/OC/out/mt2625_evb/nbiot_m2m_demo/obj/bootloader/driver/chip/mt2625/src/hal_flash_mtd_dal.o
                0x0400dee0                sf_dal_resume_time
 .data.cmem_index
                0x0400dee4        0x2 /home/yangyang642/OC/out/mt2625_evb/nbiot_m2m_demo/obj/bootloader/driver/chip/mt2625/src/hal_flash_combo_init.o
 .data.cmem_emiinit_index
                0x0400dee6        0x2 /home/yangyang642/OC/out/mt2625_evb/nbiot_m2m_demo/obj/bootloader/driver/chip/mt2625/src/hal_flash_combo_init.o
 .data.flash_init_status
                0x0400dee8        0x1 /home/yangyang642/OC/out/mt2625_evb/nbiot_m2m_demo/obj/bootloader/driver/chip/mt2625/src/hal_flash_disk.o
                0x0400dee8                flash_init_status
 *fill*         0x0400dee9        0x3 
 .data.gNOR_ReturnReadyEnd
                0x0400deec        0x4 /home/yangyang642/OC/out/mt2625_evb/nbiot_m2m_demo/obj/bootloader/driver/chip/mt2625/src/hal_flash_mtd.o
                0x0400deec                gNOR_ReturnReadyEnd
 .data.rtc_register
                0x0400def0        0x4 /home/yangyang642/OC/out/mt2625_evb/nbiot_m2m_demo/obj/bootloader/driver/chip/mt2625/src/hal_rtc.o
                0x0400def0                rtc_register
 .data.PADDING  0x0400def4       0x40 /home/yangyang642/OC/out/mt2625_evb/nbiot_m2m_demo/obj/bootloader/project/mt2625_evb/apps/bootloader/src/main.o
                0x0400def4                PADDING
 .data.adups_curr_delta
                0x0400df34        0x1 /home/yangyang642/OC/out/mt2625_evb/nbiot_m2m_demo/obj/bootloader/../../../../../adups/bl/src/adups_bl_main.o
                0x0400df34                adups_curr_delta
 .data.g_mtk_save_data_op
                0x0400df35        0x1 ../../../../../adups/bl/lib/libadups.a(fotapatch.o)
                0x0400df35                g_mtk_save_data_op
 *fill*         0x0400df36        0x2 
 .data.BZ2_rNums
                0x0400df38      0x800 ../../../../../adups/bl/lib/libadups.a(randtable.o)
                0x0400df38                BZ2_rNums
 .data.g_pre_check_oldbin
                0x0400e738        0x1 ../../../../../adups/bl/lib/libadups.a(bspatch.o)
                0x0400e738                g_pre_check_oldbin
 *fill*         0x0400e739        0x3 
 .data.BZ2_crc32Table
                0x0400e73c      0x400 ../../../../../adups/bl/lib/libadups.a(crctable.o)
                0x0400e73c                BZ2_crc32Table
 .data.build_date_time_str
                0x0400eb3c       0x1f /home/yangyang642/OC/out/mt2625_evb/nbiot_m2m_demo/obj/bootloader/middleware/MTK/verno/verno.o
                0x0400eb3c                build_date_time_str
 .data.hw_verno_str
                0x0400eb5b        0xb /home/yangyang642/OC/out/mt2625_evb/nbiot_m2m_demo/obj/bootloader/middleware/MTK/verno/verno.o
                0x0400eb5b                hw_verno_str
 .data.sw_verno_str
                0x0400eb66       0x11 /home/yangyang642/OC/out/mt2625_evb/nbiot_m2m_demo/obj/bootloader/middleware/MTK/verno/verno.o
                0x0400eb66                sw_verno_str
 *(.tcm_rwdata)
 *fill*         0x0400eb77        0x1 
 .tcm_rwdata    0x0400eb78       0x50 /home/yangyang642/OC/out/mt2625_evb/nbiot_m2m_demo/obj/bootloader/driver/chip/mt2625/src/hal_emi.o
                0x0400eb78                emi_register
                0x0400eb7c                emi_settings
                0x0400ebb4                __EMI_CurSR0
                0x0400ebb8                __EMI_CurSR1
                0x0400ebbc                __EMI_CurSR2
                0x0400ebc0                emi_io_register
                0x0400ebc4                dvfs_dma_runing_status
 .tcm_rwdata    0x0400ebc8       0x28 /home/yangyang642/OC/out/mt2625_evb/nbiot_m2m_demo/obj/bootloader/driver/chip/mt2625/src/hal_flash_mtd_common.o
                0x0400ebc8                NOR_FLASH_LeaveDPDCmd
                0x0400ebcc                NOR_FLASH_FATStartAddr
                0x0400ebd0                NOR_FLASH_FATStartValue
                0x0400ebd4                SFI_MAC_CTL_BACKUP
                0x0400ebd8                SFI_DIRECT_CTL_BACKUP
                0x0400ebdc                SFI_MISC_CTL_BACKUP
                0x0400ebe0                SFI_MISC_CTL2_BACKUP
                0x0400ebe4                SFI_DLY_CTL_3_BACKUP
                0x0400ebe8                SFI_CLK_SWITCH_MISC_CTL_BACKUP
                0x0400ebec                SFI_CLK_SWITCH_DLY_CTL_3_BACKUP
 .tcm_rwdata    0x0400ebf0       0x18 /home/yangyang642/OC/out/mt2625_evb/nbiot_m2m_demo/obj/bootloader/driver/chip/mt2625/src/hal_gpt_internal.o
                0x0400ebf0                gp_gpt
 .tcm_rwdata    0x0400ec08        0x1 /home/yangyang642/OC/out/mt2625_evb/nbiot_m2m_demo/obj/bootloader/driver/chip/mt2625/src/hal_clock.o
                0x0400ec08                vcore_voltage
 *(.*ram_rwdata)
                0x0400ec0c                . = ALIGN (0x4)
 *fill*         0x0400ec09        0x3 
                0x0400ec0c                _edata = .

.igot.plt       0x0400ec0c        0x0 load address 0x08010c0c
 .igot.plt      0x00000000        0x0 /home/yangyang642/OC/out/mt2625_evb/nbiot_m2m_demo/obj/bootloader/driver/chip/mt2625/src/hal_adc.o
                0x0400ec0c                . = ALIGN (0x4)

.tcm_bss        0x0400ec0c      0x1b4 load address 0x08010c0c
                0x0400ec0c                _tcm_zi_start = .
 *(.tcm_zidata)
 .tcm_zidata    0x0400ec0c       0x74 /home/yangyang642/OC/out/mt2625_evb/nbiot_m2m_demo/obj/bootloader/driver/chip/mt2625/src/hal_emi.o
                0x0400ec0c                EMI_GENA_VAL
                0x0400ec10                EMI_RDCT_VAL
                0x0400ec14                EMI_DSRAM_VAL
                0x0400ec18                EMI_MSRAM0_VAL
                0x0400ec1c                EMI_MSRAM1_VAL
                0x0400ec20                EMI_IDL_C_VAL
                0x0400ec24                EMI_IDL_D_VAL
                0x0400ec28                EMI_IDL_E_VAL
                0x0400ec2c                EMI_ODL_C_VAL
                0x0400ec30                EMI_ODL_D_VAL
                0x0400ec34                EMI_ODL_E_VAL
                0x0400ec38                EMI_ODL_F_VAL
                0x0400ec3c                EMI_IO_A_VAL
                0x0400ec40                EMI_IO_B_VAL
                0x0400ec44                EMI_CONM_VAL_backup
                0x0400ec48                emi_register_backup
 .tcm_zidata    0x0400ec80       0x64 /home/yangyang642/OC/out/mt2625_evb/nbiot_m2m_demo/obj/bootloader/driver/chip/mt2625/src/hal_gpt_internal.o
                0x0400ec80                g_gpt_context
                0x0400ece0                gpt_clock_source
 .tcm_zidata    0x0400ece4       0xdc /home/yangyang642/OC/out/mt2625_evb/nbiot_m2m_demo/obj/bootloader/driver/chip/mt2625/src/hal_clock.o
                0x0400edc0                . = ALIGN (0x4)
                0x0400edc0                _tcm_zi_end = .
                0x0400edc0                . = ALIGN (0x4)

.bss            0x00000000      0x828 load address 0x08010c0c
                0x00000000                _sbss = .
                0x00000000                __bss_start__ = _sbss
 *(.bss)
 *(.bss*)
 .bss.nvic_function_table
                0x00000000      0x134 /home/yangyang642/OC/out/mt2625_evb/nbiot_m2m_demo/obj/bootloader/driver/chip/mt2625/src/hal_nvic.o
                0x00000000                nvic_function_table
 .bss.tmp_data_buffer
                0x00000134       0x80 /home/yangyang642/OC/out/mt2625_evb/nbiot_m2m_demo/obj/bootloader/driver/chip/mt2625/src/hal_flash_mtd_dal.o
 .bss.sfi_index
                0x000001b4        0x4 /home/yangyang642/OC/out/mt2625_evb/nbiot_m2m_demo/obj/bootloader/driver/chip/mt2625/src/hal_flash_custom_sfi.o
                0x000001b4                sfi_index
 .bss.PAGE_BUFFER_SIZE
                0x000001b8        0x4 /home/yangyang642/OC/out/mt2625_evb/nbiot_m2m_demo/obj/bootloader/driver/chip/mt2625/src/hal_flash_combo_nor.o
                0x000001b8                PAGE_BUFFER_SIZE
 .bss.EntireDiskDriveData
                0x000001bc       0x84 /home/yangyang642/OC/out/mt2625_evb/nbiot_m2m_demo/obj/bootloader/driver/chip/mt2625/src/hal_flash_combo_nor.o
                0x000001bc                EntireDiskDriveData
 .bss.cmem_id   0x00000240        0x4 /home/yangyang642/OC/out/mt2625_evb/nbiot_m2m_demo/obj/bootloader/driver/chip/mt2625/src/hal_flash_combo_nor.o
                0x00000240                cmem_id
 .bss.cmem_nor_index
                0x00000244        0x4 /home/yangyang642/OC/out/mt2625_evb/nbiot_m2m_demo/obj/bootloader/driver/chip/mt2625/src/hal_flash_combo_nor.o
 .bss.NORFlashMtd
                0x00000248       0x3c /home/yangyang642/OC/out/mt2625_evb/nbiot_m2m_demo/obj/bootloader/driver/chip/mt2625/src/hal_flash_combo_nor.o
                0x00000248                NORFlashMtd
 .bss.nor_list  0x00000284        0x4 /home/yangyang642/OC/out/mt2625_evb/nbiot_m2m_demo/obj/bootloader/driver/chip/mt2625/src/hal_flash_combo_nor.o
 .bss.sf_dal_data_cmd
                0x00000288       0x1a /home/yangyang642/OC/out/mt2625_evb/nbiot_m2m_demo/obj/bootloader/driver/chip/mt2625/src/hal_flash_combo_nor.o
                0x00000288                sf_dal_data_cmd
 *fill*         0x000002a2        0x2 
 .bss.EntireDiskRegionInfo
                0x000002a4       0x40 /home/yangyang642/OC/out/mt2625_evb/nbiot_m2m_demo/obj/bootloader/driver/chip/mt2625/src/hal_flash_combo_nor.o
 .bss.BlockLayout
                0x000002e4        0x4 /home/yangyang642/OC/out/mt2625_evb/nbiot_m2m_demo/obj/bootloader/driver/chip/mt2625/src/hal_flash_combo_nor.o
 .bss.BankInfo  0x000002e8       0x40 /home/yangyang642/OC/out/mt2625_evb/nbiot_m2m_demo/obj/bootloader/driver/chip/mt2625/src/hal_flash_combo_nor.o
 .bss.EntireDiskMtdData
                0x00000328       0xe8 /home/yangyang642/OC/out/mt2625_evb/nbiot_m2m_demo/obj/bootloader/driver/chip/mt2625/src/hal_flash_combo_nor.o
                0x00000328                EntireDiskMtdData
 .bss.StatusMap
                0x00000410        0x8 /home/yangyang642/OC/out/mt2625_evb/nbiot_m2m_demo/obj/bootloader/driver/chip/mt2625/src/hal_flash_combo_nor.o
                0x00000410                StatusMap
 .bss.look_up_hit.7301
                0x00000418        0x4 /home/yangyang642/OC/out/mt2625_evb/nbiot_m2m_demo/obj/bootloader/driver/chip/mt2625/src/hal_flash_mtd.o
 .bss.NOR_FLASH_SUSPENDED
                0x0000041c        0x1 /home/yangyang642/OC/out/mt2625_evb/nbiot_m2m_demo/obj/bootloader/driver/chip/mt2625/src/hal_flash_mtd.o
                0x0000041c                NOR_FLASH_SUSPENDED
 .bss.NOR_FLASH_BUSY
                0x0000041d        0x1 /home/yangyang642/OC/out/mt2625_evb/nbiot_m2m_demo/obj/bootloader/driver/chip/mt2625/src/hal_flash_mtd.o
                0x0000041d                NOR_FLASH_BUSY
 *fill*         0x0000041e        0x2 
 .bss.replaced.7300
                0x00000420        0x4 /home/yangyang642/OC/out/mt2625_evb/nbiot_m2m_demo/obj/bootloader/driver/chip/mt2625/src/hal_flash_mtd.o
 .bss.look_up_miss.7302
                0x00000424        0x4 /home/yangyang642/OC/out/mt2625_evb/nbiot_m2m_demo/obj/bootloader/driver/chip/mt2625/src/hal_flash_mtd.o
 .bss.g_uart_callback
                0x00000428       0x20 /home/yangyang642/OC/out/mt2625_evb/nbiot_m2m_demo/obj/bootloader/driver/chip/mt2625/src/hal_uart.o
 .bss.g_baudrate
                0x00000448        0x4 /home/yangyang642/OC/out/mt2625_evb/nbiot_m2m_demo/obj/bootloader/driver/chip/mt2625/src/hal_uart.o
 .bss.g_uart_is_auto_baud
                0x0000044c        0x4 /home/yangyang642/OC/out/mt2625_evb/nbiot_m2m_demo/obj/bootloader/driver/chip/mt2625/src/hal_uart.o
 .bss.g_uart_hwstatus
                0x00000450        0x4 /home/yangyang642/OC/out/mt2625_evb/nbiot_m2m_demo/obj/bootloader/driver/chip/mt2625/src/hal_uart.o
 .bss.g_uart_global_data_initialized
                0x00000454        0x1 /home/yangyang642/OC/out/mt2625_evb/nbiot_m2m_demo/obj/bootloader/driver/chip/mt2625/src/hal_uart.o
 .bss.rtc_mode_flag
                0x00000455        0x1 /home/yangyang642/OC/out/mt2625_evb/nbiot_m2m_demo/obj/bootloader/driver/chip/mt2625/src/hal_rtc.o
                0x00000455                rtc_mode_flag
 .bss.rtc_cali_ctr
                0x00000456        0x1 /home/yangyang642/OC/out/mt2625_evb/nbiot_m2m_demo/obj/bootloader/driver/chip/mt2625/src/hal_rtc.o
 .bss.retention_flag
                0x00000457        0x1 /home/yangyang642/OC/out/mt2625_evb/nbiot_m2m_demo/obj/bootloader/driver/chip/mt2625/src/hal_rtc.o
                0x00000457                retention_flag
 .bss.rtc_spare_register_backup
                0x00000458        0x4 /home/yangyang642/OC/out/mt2625_evb/nbiot_m2m_demo/obj/bootloader/driver/chip/mt2625/src/hal_rtc.o
 .bss.rtc_in_test
                0x0000045c        0x1 /home/yangyang642/OC/out/mt2625_evb/nbiot_m2m_demo/obj/bootloader/driver/chip/mt2625/src/hal_rtc.o
 *fill*         0x0000045d        0x3 
 .bss.wdt_feed_time_1M
                0x00000460        0x4 /home/yangyang642/OC/out/mt2625_evb/nbiot_m2m_demo/obj/bootloader/driver/chip/mt2625/src/hal_wdt.o
 .bss.s_hal_wdt_callback
                0x00000464        0x4 /home/yangyang642/OC/out/mt2625_evb/nbiot_m2m_demo/obj/bootloader/driver/chip/mt2625/src/hal_wdt.o
 .bss.adups_print
                0x00000468        0x4 /home/yangyang642/OC/out/mt2625_evb/nbiot_m2m_demo/obj/bootloader/project/mt2625_evb/apps/bootloader/src/bl_dbgprint.o
                0x00000468                adups_print
 .bss.debug_level
                0x0000046c        0x1 /home/yangyang642/OC/out/mt2625_evb/nbiot_m2m_demo/obj/bootloader/project/mt2625_evb/apps/bootloader/src/bl_dbgprint.o
 .bss.rev.6525  0x0000046d       0x15 /home/yangyang642/OC/out/mt2625_evb/nbiot_m2m_demo/obj/bootloader/project/mt2625_evb/apps/bootloader/src/bl_dbgprint.o
 .bss.rev.6539  0x00000482       0x15 /home/yangyang642/OC/out/mt2625_evb/nbiot_m2m_demo/obj/bootloader/project/mt2625_evb/apps/bootloader/src/bl_dbgprint.o
 .bss.buf       0x00000497      0x200 /home/yangyang642/OC/out/mt2625_evb/nbiot_m2m_demo/obj/bootloader/project/mt2625_evb/apps/bootloader/src/bl_dbgprint.o
 .bss.md5_1.6915
                0x00000697       0x10 /home/yangyang642/OC/out/mt2625_evb/nbiot_m2m_demo/obj/bootloader/project/mt2625_evb/apps/bootloader/src/main.o
 .bss.md5_0.6914
                0x000006a7       0x10 /home/yangyang642/OC/out/mt2625_evb/nbiot_m2m_demo/obj/bootloader/project/mt2625_evb/apps/bootloader/src/main.o
 *fill*         0x000006b7        0x1 
 .bss.md5_context
                0x000006b8       0x58 /home/yangyang642/OC/out/mt2625_evb/nbiot_m2m_demo/obj/bootloader/project/mt2625_evb/apps/bootloader/src/main.o
 .bss.adups_delta_num
                0x00000710        0x1 /home/yangyang642/OC/out/mt2625_evb/nbiot_m2m_demo/obj/bootloader/../../../../../adups/bl/src/adups_bl_main.o
                0x00000710                adups_delta_num
 *fill*         0x00000711        0x3 
 .bss.PackageInfo
                0x00000714       0x10 /home/yangyang642/OC/out/mt2625_evb/nbiot_m2m_demo/obj/bootloader/../../../../../adups/bl/src/adups_bl_main.o
                0x00000714                PackageInfo
 .bss.ml_TankInfo
                0x00000724        0xc ../../../../../adups/bl/lib/libadups.a(peer_vm.o)
 .bss.ml_MainTank
                0x00000730       0x98 ../../../../../adups/bl/lib/libadups.a(peer_vm.o)
 .bss.ml_TankCallbackTable
                0x000007c8        0xc ../../../../../adups/bl/lib/libadups.a(peer_vm.o)
 .bss.ml_DetachableSubTankExist
                0x000007d4        0x1 ../../../../../adups/bl/lib/libadups.a(peer_vm.o)
 .bss.ml_DisableCompaction
                0x000007d5        0x1 ../../../../../adups/bl/lib/libadups.a(peer_vm.o)
 *fill*         0x000007d6        0x2 
 .bss.ml_TotalBytes
                0x000007d8        0x4 ../../../../../adups/bl/lib/libadups.a(peer_vm.o)
 .bss.g_p_newfile_crc
                0x000007dc        0x4 ../../../../../adups/bl/lib/libadups.a(bspatch.o)
 .bss.g_blocknum
                0x000007e0        0x4 ../../../../../adups/bl/lib/libadups.a(bspatch.o)
 .bss.g_p_oldfile_crc
                0x000007e4        0x4 ../../../../../adups/bl/lib/libadups.a(bspatch.o)
 .bss.g_file_pos
                0x000007e8       0x3c ../../../../../adups/bl/lib/libadups.a(peer.o)
 .bss.md_commit_id_str
                0x00000824        0x1 /home/yangyang642/OC/out/mt2625_evb/nbiot_m2m_demo/obj/bootloader/middleware/MTK/verno/verno.o
                0x00000824                md_commit_id_str
 *(COMMON)
                0x00000828                . = ALIGN (0x4)
 *fill*         0x00000825        0x3 
                0x00000828                __end__ = .
                0x00000828                _ebss = .
                0x00000828                __bss_end__ = _ebss

._user_heap_stack
                0x0400edc0      0x400 load address 0x08010c0c
                0x0400edc0                . = ALIGN (0x4)
                0x0400edc0                PROVIDE (end, .)
                0x0400edc0                PROVIDE (_end, .)
                0x0400edc0                __HeapBase = .
                0x0400edc0                . = (. + _Min_Heap_Size)
                0x0400edc0                __HeapLimit = .
                0x0400edc0                __StackLimit = .
                0x0400f1c0                . = (. + _Min_Stack_Size)
 *fill*         0x0400edc0      0x400 
                0x0400f1c0                . = ALIGN (0x4)

.bl_rom_region  0x08010c0c        0x0
                0x08010c0c                . = ALIGN (0x4)
 *(.rom_data)
 *(.rom_data*)
                0x08010c0c                . = ALIGN (0x4)
START GROUP
LOAD /home/yangyang642/OC/out/mt2625_evb/nbiot_m2m_demo/obj/bootloader/driver/chip/mt2625/src/hal_adc.o
LOAD /home/yangyang642/OC/out/mt2625_evb/nbiot_m2m_demo/obj/bootloader/driver/chip/mt2625/src/hal_cache.o
LOAD /home/yangyang642/OC/out/mt2625_evb/nbiot_m2m_demo/obj/bootloader/driver/chip/mt2625/src/hal_cache_internal.o
LOAD /home/yangyang642/OC/out/mt2625_evb/nbiot_m2m_demo/obj/bootloader/driver/chip/mt2625/src/hal_mpu.o
LOAD /home/yangyang642/OC/out/mt2625_evb/nbiot_m2m_demo/obj/bootloader/driver/chip/mt2625/src/hal_mpu_internal.o
LOAD /home/yangyang642/OC/out/mt2625_evb/nbiot_m2m_demo/obj/bootloader/driver/chip/mt2625/src/hal_emi.o
LOAD /home/yangyang642/OC/out/mt2625_evb/nbiot_m2m_demo/obj/bootloader/driver/chip/mt2625/src/hal_nvic.o
LOAD /home/yangyang642/OC/out/mt2625_evb/nbiot_m2m_demo/obj/bootloader/driver/chip/mt2625/src/hal_nvic_internal.o
LOAD /home/yangyang642/OC/out/mt2625_evb/nbiot_m2m_demo/obj/bootloader/driver/chip/mt2625/src/hal_flash_mtd_common.o
LOAD /home/yangyang642/OC/out/mt2625_evb/nbiot_m2m_demo/obj/bootloader/driver/chip/mt2625/src/hal_flash_mtd_dal.o
LOAD /home/yangyang642/OC/out/mt2625_evb/nbiot_m2m_demo/obj/bootloader/driver/chip/mt2625/src/hal_flash_custom_sfi.o
LOAD /home/yangyang642/OC/out/mt2625_evb/nbiot_m2m_demo/obj/bootloader/driver/chip/mt2625/src/hal_flash_combo_init.o
LOAD /home/yangyang642/OC/out/mt2625_evb/nbiot_m2m_demo/obj/bootloader/driver/chip/mt2625/src/hal_flash_cfi.o
LOAD /home/yangyang642/OC/out/mt2625_evb/nbiot_m2m_demo/obj/bootloader/driver/chip/mt2625/src/hal_flash_custom.o
LOAD /home/yangyang642/OC/out/mt2625_evb/nbiot_m2m_demo/obj/bootloader/driver/chip/mt2625/src/hal_flash_combo_nor.o
LOAD /home/yangyang642/OC/out/mt2625_evb/nbiot_m2m_demo/obj/bootloader/driver/chip/mt2625/src/hal_flash_disk.o
LOAD /home/yangyang642/OC/out/mt2625_evb/nbiot_m2m_demo/obj/bootloader/driver/chip/mt2625/src/hal_flash_mtd.o
LOAD /home/yangyang642/OC/out/mt2625_evb/nbiot_m2m_demo/obj/bootloader/driver/chip/mt2625/src/hal_gdma.o
LOAD /home/yangyang642/OC/out/mt2625_evb/nbiot_m2m_demo/obj/bootloader/driver/chip/mt2625/src/hal_gdma_internal.o
LOAD /home/yangyang642/OC/out/mt2625_evb/nbiot_m2m_demo/obj/bootloader/driver/chip/mt2625/src/hal_pdma_internal.o
LOAD /home/yangyang642/OC/out/mt2625_evb/nbiot_m2m_demo/obj/bootloader/driver/chip/mt2625/src/hal_gpt.o
LOAD /home/yangyang642/OC/out/mt2625_evb/nbiot_m2m_demo/obj/bootloader/driver/chip/mt2625/src/hal_gpt_internal.o
LOAD /home/yangyang642/OC/out/mt2625_evb/nbiot_m2m_demo/obj/bootloader/driver/chip/mt2625/src/hal_keypad.o
LOAD /home/yangyang642/OC/out/mt2625_evb/nbiot_m2m_demo/obj/bootloader/driver/chip/mt2625/src/hal_keypad_internal.o
LOAD /home/yangyang642/OC/out/mt2625_evb/nbiot_m2m_demo/obj/bootloader/driver/chip/mt2625/src/hal_keypad_powerkey_internal.o
LOAD /home/yangyang642/OC/out/mt2625_evb/nbiot_m2m_demo/obj/bootloader/driver/chip/mt2625/src/hal_log.o
LOAD /home/yangyang642/OC/out/mt2625_evb/nbiot_m2m_demo/obj/bootloader/driver/chip/mt2625/src/hal_uart.o
LOAD /home/yangyang642/OC/out/mt2625_evb/nbiot_m2m_demo/obj/bootloader/driver/chip/mt2625/src/hal_uart_internal.o
LOAD /home/yangyang642/OC/out/mt2625_evb/nbiot_m2m_demo/obj/bootloader/driver/chip/mt2625/src/hal_i2c_master.o
LOAD /home/yangyang642/OC/out/mt2625_evb/nbiot_m2m_demo/obj/bootloader/driver/chip/mt2625/src/hal_i2c_master_internal.o
LOAD /home/yangyang642/OC/out/mt2625_evb/nbiot_m2m_demo/obj/bootloader/driver/chip/mt2625/src/hal_weak.o
LOAD /home/yangyang642/OC/out/mt2625_evb/nbiot_m2m_demo/obj/bootloader/driver/chip/mt2625/src/hal_eint.o
LOAD /home/yangyang642/OC/out/mt2625_evb/nbiot_m2m_demo/obj/bootloader/driver/chip/mt2625/src/hal_eint_internal.o
LOAD /home/yangyang642/OC/out/mt2625_evb/nbiot_m2m_demo/obj/bootloader/driver/chip/mt2625/src/hal_clock.o
LOAD /home/yangyang642/OC/out/mt2625_evb/nbiot_m2m_demo/obj/bootloader/driver/chip/mt2625/src/hal_dcxo.o
LOAD /home/yangyang642/OC/out/mt2625_evb/nbiot_m2m_demo/obj/bootloader/driver/chip/mt2625/src/hal_dvfs.o
LOAD /home/yangyang642/OC/out/mt2625_evb/nbiot_m2m_demo/obj/bootloader/driver/chip/mt2625/src/hal_dvfs_internal.o
LOAD /home/yangyang642/OC/out/mt2625_evb/nbiot_m2m_demo/obj/bootloader/driver/chip/mt2625/src/hal_dwt.o
LOAD /home/yangyang642/OC/out/mt2625_evb/nbiot_m2m_demo/obj/bootloader/driver/chip/mt2625/src/hal_rtc.o
LOAD /home/yangyang642/OC/out/mt2625_evb/nbiot_m2m_demo/obj/bootloader/driver/chip/mt2625/src/hal_rtc_internal.o
LOAD /home/yangyang642/OC/out/mt2625_evb/nbiot_m2m_demo/obj/bootloader/driver/chip/mt2625/src/hal_wdt.o
LOAD /home/yangyang642/OC/out/mt2625_evb/nbiot_m2m_demo/obj/bootloader/driver/chip/mt2625/src/hal_wdt_internal.o
LOAD /home/yangyang642/OC/out/mt2625_evb/nbiot_m2m_demo/obj/bootloader/driver/chip/mt2625/src/hal_pwm.o
LOAD /home/yangyang642/OC/out/mt2625_evb/nbiot_m2m_demo/obj/bootloader/driver/chip/mt2625/src/hal_trng_internal.o
LOAD /home/yangyang642/OC/out/mt2625_evb/nbiot_m2m_demo/obj/bootloader/driver/chip/mt2625/src/hal_trng.o
LOAD /home/yangyang642/OC/out/mt2625_evb/nbiot_m2m_demo/obj/bootloader/driver/chip/mt2625/src/hal_msdc.o
LOAD /home/yangyang642/OC/out/mt2625_evb/nbiot_m2m_demo/obj/bootloader/driver/chip/mt2625/src/hal_sd.o
LOAD /home/yangyang642/OC/out/mt2625_evb/nbiot_m2m_demo/obj/bootloader/driver/chip/mt2625/src/hal_sd_internal.o
LOAD /home/yangyang642/OC/out/mt2625_evb/nbiot_m2m_demo/obj/bootloader/driver/chip/mt2625/src/hal_sdio.o
LOAD /home/yangyang642/OC/out/mt2625_evb/nbiot_m2m_demo/obj/bootloader/driver/chip/mt2625/src/hal_sdio_internal.o
LOAD /home/yangyang642/OC/out/mt2625_evb/nbiot_m2m_demo/obj/bootloader/driver/chip/mt2625/src/hal_sdio_slave.o
LOAD /home/yangyang642/OC/out/mt2625_evb/nbiot_m2m_demo/obj/bootloader/driver/chip/mt2625/src/hal_sdio_slave_internal.o
LOAD /home/yangyang642/OC/out/mt2625_evb/nbiot_m2m_demo/obj/bootloader/driver/chip/mt2625/src/hal_sensor_ctrl.o
LOAD /home/yangyang642/OC/out/mt2625_evb/nbiot_m2m_demo/obj/bootloader/driver/chip/mt2625/src/hal_gpio.o
LOAD /home/yangyang642/OC/out/mt2625_evb/nbiot_m2m_demo/obj/bootloader/driver/chip/mt2625/src/hal_gpio_internal.o
LOAD /home/yangyang642/OC/out/mt2625_evb/nbiot_m2m_demo/obj/bootloader/driver/chip/mt2625/src/hal_i2s.o
LOAD /home/yangyang642/OC/out/mt2625_evb/nbiot_m2m_demo/obj/bootloader/driver/chip/mt2625/src/hal_i2s_internal.o
LOAD /home/yangyang642/OC/out/mt2625_evb/nbiot_m2m_demo/obj/bootloader/driver/chip/mt2625/src/hal_pmu.o
LOAD /home/yangyang642/OC/out/mt2625_evb/nbiot_m2m_demo/obj/bootloader/driver/chip/mt2625/src/hal_time_check.o
LOAD /home/yangyang642/OC/out/mt2625_evb/nbiot_m2m_demo/obj/bootloader/driver/chip/mt2625/src/hal_usb.o
LOAD /home/yangyang642/OC/out/mt2625_evb/nbiot_m2m_demo/obj/bootloader/driver/chip/mt2625/src/hal_usb_phy.o
LOAD /home/yangyang642/OC/out/mt2625_evb/nbiot_m2m_demo/obj/bootloader/driver/chip/mt2625/src/hal_aes.o
LOAD /home/yangyang642/OC/out/mt2625_evb/nbiot_m2m_demo/obj/bootloader/driver/chip/mt2625/src/hal_des.o
LOAD /home/yangyang642/OC/out/mt2625_evb/nbiot_m2m_demo/obj/bootloader/driver/chip/mt2625/src/hal_md5.o
LOAD /home/yangyang642/OC/out/mt2625_evb/nbiot_m2m_demo/obj/bootloader/driver/chip/mt2625/src/hal_sha.o
LOAD /home/yangyang642/OC/out/mt2625_evb/nbiot_m2m_demo/obj/bootloader/driver/chip/mt2625/src/hal_spi_master.o
LOAD /home/yangyang642/OC/out/mt2625_evb/nbiot_m2m_demo/obj/bootloader/driver/chip/mt2625/src/hal_spi_master_internal.o
LOAD /home/yangyang642/OC/out/mt2625_evb/nbiot_m2m_demo/obj/bootloader/driver/chip/mt2625/src/hal_spi_slave.o
LOAD /home/yangyang642/OC/out/mt2625_evb/nbiot_m2m_demo/obj/bootloader/driver/chip/mt2625/src/hal_spi_slave_internal.o
LOAD /home/yangyang642/OC/out/mt2625_evb/nbiot_m2m_demo/obj/bootloader/driver/chip/mt2625/src/hal_misc.o
LOAD /home/yangyang642/OC/out/mt2625_evb/nbiot_m2m_demo/obj/bootloader/driver/chip/mt2625/src/hal_zte_bsp.o
LOAD /home/yangyang642/OC/out/mt2625_evb/nbiot_m2m_demo/obj/bootloader/driver/chip/mt2625/src_core/hal_sleep_manager.o
LOAD /home/yangyang642/OC/out/mt2625_evb/nbiot_m2m_demo/obj/bootloader/driver/chip/mt2625/src_core/hal_sleep_manager_internal.o
LOAD /home/yangyang642/OC/out/mt2625_evb/nbiot_m2m_demo/obj/bootloader/middleware/third_party/lzma_decoder/src/lzma_decode_interface.o
LOAD /home/yangyang642/OC/out/mt2625_evb/nbiot_m2m_demo/obj/bootloader/middleware/third_party/lzma_decoder/src/lzma_decoder.o
LOAD /home/yangyang642/OC/out/mt2625_evb/nbiot_m2m_demo/obj/bootloader/project/mt2625_evb/apps/bootloader/GCC/syscalls.o
LOAD /home/yangyang642/OC/out/mt2625_evb/nbiot_m2m_demo/obj/bootloader/project/mt2625_evb/apps/bootloader/src/bl_dbgprint.o
LOAD /home/yangyang642/OC/out/mt2625_evb/nbiot_m2m_demo/obj/bootloader/project/mt2625_evb/apps/bootloader/src/custom_blconfig.o
LOAD /home/yangyang642/OC/out/mt2625_evb/nbiot_m2m_demo/obj/bootloader/project/mt2625_evb/apps/bootloader/src/bl_rom_parameter.o
LOAD /home/yangyang642/OC/out/mt2625_evb/nbiot_m2m_demo/obj/bootloader/project/mt2625_evb/apps/bootloader/src/main.o
LOAD /home/yangyang642/OC/out/mt2625_evb/nbiot_m2m_demo/obj/bootloader/../../../../../adups/bl/src/adups_bl_flash.o
LOAD /home/yangyang642/OC/out/mt2625_evb/nbiot_m2m_demo/obj/bootloader/../../../../../adups/bl/src/adups_bl_main.o
LOAD /home/yangyang642/OC/out/mt2625_evb/nbiot_m2m_demo/obj/bootloader/../../../../../adups/bl/src/adups_file.o
LOAD /home/yangyang642/OC/out/mt2625_evb/nbiot_m2m_demo/obj/bootloader/project/mt2625_evb/apps/bootloader/GCC/startup_bootloader.o
LOAD ../../../../../prebuilt/driver/chip/mt2625/lib/libhal_protected_CM4_GCC.a
LOAD ../../../../../adups/bl/lib/libadups.a
LOAD /home/yangyang642/OC/out/mt2625_evb/nbiot_m2m_demo/obj/bootloader/middleware/MTK/verno/verno.o
END GROUP
LOAD /home/yangyang642/OC/tools/gcc/linux/gcc-arm-none-eabi/bin/../lib/gcc/arm-none-eabi/4.8.4/../../../../arm-none-eabi/lib/armv7e-m/fpu/libm.a
START GROUP
LOAD /home/yangyang642/OC/tools/gcc/linux/gcc-arm-none-eabi/bin/../lib/gcc/arm-none-eabi/4.8.4/armv7e-m/fpu/libgcc.a
LOAD /home/yangyang642/OC/tools/gcc/linux/gcc-arm-none-eabi/bin/../lib/gcc/arm-none-eabi/4.8.4/../../../../arm-none-eabi/lib/armv7e-m/fpu/libg_s.a
LOAD /home/yangyang642/OC/tools/gcc/linux/gcc-arm-none-eabi/bin/../lib/gcc/arm-none-eabi/4.8.4/../../../../arm-none-eabi/lib/armv7e-m/fpu/libc_s.a
END GROUP
START GROUP
LOAD /home/yangyang642/OC/tools/gcc/linux/gcc-arm-none-eabi/bin/../lib/gcc/arm-none-eabi/4.8.4/armv7e-m/fpu/libgcc.a
LOAD /home/yangyang642/OC/tools/gcc/linux/gcc-arm-none-eabi/bin/../lib/gcc/arm-none-eabi/4.8.4/../../../../arm-none-eabi/lib/armv7e-m/fpu/libc_s.a
END GROUP
OUTPUT(/home/yangyang642/OC/out/mt2625_evb/nbiot_m2m_demo/mt2625_bootloader.elf elf32-littlearm)

.debug_info     0x00000000    0x28cd3
 .debug_info    0x00000000      0xb0d /home/yangyang642/OC/out/mt2625_evb/nbiot_m2m_demo/obj/bootloader/driver/chip/mt2625/src/hal_cache.o
 .debug_info    0x00000b0d     0x178e /home/yangyang642/OC/out/mt2625_evb/nbiot_m2m_demo/obj/bootloader/driver/chip/mt2625/src/hal_emi.o
 .debug_info    0x0000229b      0xc37 /home/yangyang642/OC/out/mt2625_evb/nbiot_m2m_demo/obj/bootloader/driver/chip/mt2625/src/hal_nvic.o
 .debug_info    0x00002ed2      0x7d7 /home/yangyang642/OC/out/mt2625_evb/nbiot_m2m_demo/obj/bootloader/driver/chip/mt2625/src/hal_nvic_internal.o
 .debug_info    0x000036a9     0x12d8 /home/yangyang642/OC/out/mt2625_evb/nbiot_m2m_demo/obj/bootloader/driver/chip/mt2625/src/hal_flash_mtd_common.o
 .debug_info    0x00004981     0x3073 /home/yangyang642/OC/out/mt2625_evb/nbiot_m2m_demo/obj/bootloader/driver/chip/mt2625/src/hal_flash_mtd_dal.o
 .debug_info    0x000079f4      0x45e /home/yangyang642/OC/out/mt2625_evb/nbiot_m2m_demo/obj/bootloader/driver/chip/mt2625/src/hal_flash_custom_sfi.o
 .debug_info    0x00007e52      0x793 /home/yangyang642/OC/out/mt2625_evb/nbiot_m2m_demo/obj/bootloader/driver/chip/mt2625/src/hal_flash_combo_init.o
 .debug_info    0x000085e5      0x2b4 /home/yangyang642/OC/out/mt2625_evb/nbiot_m2m_demo/obj/bootloader/driver/chip/mt2625/src/hal_flash_cfi.o
 .debug_info    0x00008899      0x190 /home/yangyang642/OC/out/mt2625_evb/nbiot_m2m_demo/obj/bootloader/driver/chip/mt2625/src/hal_flash_custom.o
 .debug_info    0x00008a29     0x1875 /home/yangyang642/OC/out/mt2625_evb/nbiot_m2m_demo/obj/bootloader/driver/chip/mt2625/src/hal_flash_combo_nor.o
 .debug_info    0x0000a29e     0x1bf9 /home/yangyang642/OC/out/mt2625_evb/nbiot_m2m_demo/obj/bootloader/driver/chip/mt2625/src/hal_flash_disk.o
 .debug_info    0x0000be97      0x6d5 /home/yangyang642/OC/out/mt2625_evb/nbiot_m2m_demo/obj/bootloader/driver/chip/mt2625/src/hal_flash_mtd.o
 .debug_info    0x0000c56c      0xe97 /home/yangyang642/OC/out/mt2625_evb/nbiot_m2m_demo/obj/bootloader/driver/chip/mt2625/src/hal_gpt.o
 .debug_info    0x0000d403     0x1133 /home/yangyang642/OC/out/mt2625_evb/nbiot_m2m_demo/obj/bootloader/driver/chip/mt2625/src/hal_gpt_internal.o
 .debug_info    0x0000e536     0x2cd4 /home/yangyang642/OC/out/mt2625_evb/nbiot_m2m_demo/obj/bootloader/driver/chip/mt2625/src/hal_uart.o
 .debug_info    0x0001120a     0x1494 /home/yangyang642/OC/out/mt2625_evb/nbiot_m2m_demo/obj/bootloader/driver/chip/mt2625/src/hal_uart_internal.o
 .debug_info    0x0001269e      0xbf5 /home/yangyang642/OC/out/mt2625_evb/nbiot_m2m_demo/obj/bootloader/driver/chip/mt2625/src/hal_clock.o
 .debug_info    0x00013293     0x52d5 /home/yangyang642/OC/out/mt2625_evb/nbiot_m2m_demo/obj/bootloader/driver/chip/mt2625/src/hal_rtc.o
 .debug_info    0x00018568      0xb24 /home/yangyang642/OC/out/mt2625_evb/nbiot_m2m_demo/obj/bootloader/driver/chip/mt2625/src/hal_wdt.o
 .debug_info    0x0001908c      0x5c3 /home/yangyang642/OC/out/mt2625_evb/nbiot_m2m_demo/obj/bootloader/driver/chip/mt2625/src/hal_wdt_internal.o
 .debug_info    0x0001964f      0x555 /home/yangyang642/OC/out/mt2625_evb/nbiot_m2m_demo/obj/bootloader/project/mt2625_evb/apps/bootloader/src/bl_dbgprint.o
 .debug_info    0x00019ba4      0x103 /home/yangyang642/OC/out/mt2625_evb/nbiot_m2m_demo/obj/bootloader/project/mt2625_evb/apps/bootloader/src/custom_blconfig.o
 .debug_info    0x00019ca7       0xba /home/yangyang642/OC/out/mt2625_evb/nbiot_m2m_demo/obj/bootloader/project/mt2625_evb/apps/bootloader/src/bl_rom_parameter.o
 .debug_info    0x00019d61     0x19bb /home/yangyang642/OC/out/mt2625_evb/nbiot_m2m_demo/obj/bootloader/project/mt2625_evb/apps/bootloader/src/main.o
 .debug_info    0x0001b71c      0xc83 /home/yangyang642/OC/out/mt2625_evb/nbiot_m2m_demo/obj/bootloader/../../../../../adups/bl/src/adups_bl_flash.o
 .debug_info    0x0001c39f      0xc26 /home/yangyang642/OC/out/mt2625_evb/nbiot_m2m_demo/obj/bootloader/../../../../../adups/bl/src/adups_bl_main.o
 .debug_info    0x0001cfc5      0x494 /home/yangyang642/OC/out/mt2625_evb/nbiot_m2m_demo/obj/bootloader/../../../../../adups/bl/src/adups_file.o
 .debug_info    0x0001d459       0xab /home/yangyang642/OC/out/mt2625_evb/nbiot_m2m_demo/obj/bootloader/project/mt2625_evb/apps/bootloader/GCC/startup_bootloader.o
 .debug_info    0x0001d504      0x157 ../../../../../prebuilt/driver/chip/mt2625/lib/libhal_protected_CM4_GCC.a(version_code.o)
 .debug_info    0x0001d65b      0xef1 ../../../../../adups/bl/lib/libadups.a(decompress.o)
 .debug_info    0x0001e54c     0x2304 ../../../../../adups/bl/lib/libadups.a(peer_vm.o)
 .debug_info    0x00020850      0x978 ../../../../../adups/bl/lib/libadups.a(fotapatch.o)
 .debug_info    0x000211c8      0x3fe ../../../../../adups/bl/lib/libadups.a(crc.o)
 .debug_info    0x000215c6       0x92 ../../../../../adups/bl/lib/libadups.a(randtable.o)
 .debug_info    0x00021658     0x2aa7 ../../../../../adups/bl/lib/libadups.a(bspatch.o)
 .debug_info    0x000240ff      0x3a8 ../../../../../adups/bl/lib/libadups.a(huffman.o)
 .debug_info    0x000244a7       0x91 ../../../../../adups/bl/lib/libadups.a(crctable.o)
 .debug_info    0x00024538     0x2b33 ../../../../../adups/bl/lib/libadups.a(bzlib.o)
 .debug_info    0x0002706b     0x1bb8 ../../../../../adups/bl/lib/libadups.a(peer.o)
 .debug_info    0x00028c23       0xb0 /home/yangyang642/OC/out/mt2625_evb/nbiot_m2m_demo/obj/bootloader/middleware/MTK/verno/verno.o

.debug_abbrev   0x00000000     0x67ce
 .debug_abbrev  0x00000000      0x32e /home/yangyang642/OC/out/mt2625_evb/nbiot_m2m_demo/obj/bootloader/driver/chip/mt2625/src/hal_cache.o
 .debug_abbrev  0x0000032e      0x383 /home/yangyang642/OC/out/mt2625_evb/nbiot_m2m_demo/obj/bootloader/driver/chip/mt2625/src/hal_emi.o
 .debug_abbrev  0x000006b1      0x344 /home/yangyang642/OC/out/mt2625_evb/nbiot_m2m_demo/obj/bootloader/driver/chip/mt2625/src/hal_nvic.o
 .debug_abbrev  0x000009f5      0x20b /home/yangyang642/OC/out/mt2625_evb/nbiot_m2m_demo/obj/bootloader/driver/chip/mt2625/src/hal_nvic_internal.o
 .debug_abbrev  0x00000c00      0x379 /home/yangyang642/OC/out/mt2625_evb/nbiot_m2m_demo/obj/bootloader/driver/chip/mt2625/src/hal_flash_mtd_common.o
 .debug_abbrev  0x00000f79      0x4f4 /home/yangyang642/OC/out/mt2625_evb/nbiot_m2m_demo/obj/bootloader/driver/chip/mt2625/src/hal_flash_mtd_dal.o
 .debug_abbrev  0x0000146d      0x1b4 /home/yangyang642/OC/out/mt2625_evb/nbiot_m2m_demo/obj/bootloader/driver/chip/mt2625/src/hal_flash_custom_sfi.o